Archive member included to satisfy reference by file (symbol)

/usr/lib/gcc/arm-none-eabi/13.2.1/thumb/v6-m/nofp/libgcc.a(_dvmd_tls.o)
                              CMakeFiles/blink.dir/home/tyler/ece6785/pico-sdk/src/rp2_common/pico_divider/divider_hardware.S.o (__aeabi_idiv0)
/usr/lib/gcc/arm-none-eabi/13.2.1/../../../arm-none-eabi/lib/thumb/v6-m/nofp/libg.a(libc_a-strncmp.o)
                              CMakeFiles/blink.dir/home/tyler/ece6785/pico-sdk/lib/cyw43-driver/src/cyw43_ll.c.o (strncmp)
/usr/lib/gcc/arm-none-eabi/13.2.1/../../../arm-none-eabi/lib/thumb/v6-m/nofp/libg.a(libc_a-memmove.o)
                              CMakeFiles/blink.dir/home/tyler/ece6785/pico-sdk/lib/cyw43-driver/src/cyw43_ll.c.o (memmove)
/usr/lib/gcc/arm-none-eabi/13.2.1/../../../arm-none-eabi/lib/thumb/v6-m/nofp/libg.a(libc_a-calloc.o)
                              CMakeFiles/blink.dir/home/tyler/ece6785/pico-sdk/src/rp2_common/pico_malloc/malloc.c.o (calloc)
/usr/lib/gcc/arm-none-eabi/13.2.1/../../../arm-none-eabi/lib/thumb/v6-m/nofp/libg.a(libc_a-impure.o)
                              /usr/lib/gcc/arm-none-eabi/13.2.1/../../../arm-none-eabi/lib/thumb/v6-m/nofp/libg.a(libc_a-calloc.o) (_impure_ptr)
/usr/lib/gcc/arm-none-eabi/13.2.1/../../../arm-none-eabi/lib/thumb/v6-m/nofp/libg.a(libc_a-callocr.o)
                              /usr/lib/gcc/arm-none-eabi/13.2.1/../../../arm-none-eabi/lib/thumb/v6-m/nofp/libg.a(libc_a-calloc.o) (_calloc_r)
/usr/lib/gcc/arm-none-eabi/13.2.1/../../../arm-none-eabi/lib/thumb/v6-m/nofp/libg.a(libc_a-realloc.o)
                              CMakeFiles/blink.dir/home/tyler/ece6785/pico-sdk/src/rp2_common/pico_malloc/malloc.c.o (realloc)
/usr/lib/gcc/arm-none-eabi/13.2.1/../../../arm-none-eabi/lib/thumb/v6-m/nofp/libg.a(libc_a-mallocr.o)
                              /usr/lib/gcc/arm-none-eabi/13.2.1/../../../arm-none-eabi/lib/thumb/v6-m/nofp/libg.a(libc_a-callocr.o) (_malloc_r)
/usr/lib/gcc/arm-none-eabi/13.2.1/../../../arm-none-eabi/lib/thumb/v6-m/nofp/libg.a(libc_a-freer.o)
                              /usr/lib/gcc/arm-none-eabi/13.2.1/../../../arm-none-eabi/lib/thumb/v6-m/nofp/libg.a(libc_a-mallocr.o) (_free_r)
/usr/lib/gcc/arm-none-eabi/13.2.1/../../../arm-none-eabi/lib/thumb/v6-m/nofp/libg.a(libc_a-memcmp.o)
                              CMakeFiles/blink.dir/home/tyler/ece6785/pico-sdk/src/rp2_common/pico_atomic/atomic.c.o (memcmp)
/usr/lib/gcc/arm-none-eabi/13.2.1/../../../arm-none-eabi/lib/thumb/v6-m/nofp/libg.a(libc_a-malloc.o)
                              CMakeFiles/blink.dir/home/tyler/ece6785/pico-sdk/src/rp2_common/pico_malloc/malloc.c.o (malloc)
/usr/lib/gcc/arm-none-eabi/13.2.1/../../../arm-none-eabi/lib/thumb/v6-m/nofp/libg.a(libc_a-sysconf.o)
                              /usr/lib/gcc/arm-none-eabi/13.2.1/../../../arm-none-eabi/lib/thumb/v6-m/nofp/libg.a(libc_a-mallocr.o) (sysconf)
/usr/lib/gcc/arm-none-eabi/13.2.1/../../../arm-none-eabi/lib/thumb/v6-m/nofp/libg.a(libc_a-init.o)
                              /usr/lib/gcc/arm-none-eabi/13.2.1/../../../arm-none-eabi/lib/thumb/v6-m/nofp/crt0.o (__libc_init_array)
/usr/lib/gcc/arm-none-eabi/13.2.1/../../../arm-none-eabi/lib/thumb/v6-m/nofp/libg.a(libc_a-reallocr.o)
                              /usr/lib/gcc/arm-none-eabi/13.2.1/../../../arm-none-eabi/lib/thumb/v6-m/nofp/libg.a(libc_a-realloc.o) (_realloc_r)
/usr/lib/gcc/arm-none-eabi/13.2.1/../../../arm-none-eabi/lib/thumb/v6-m/nofp/libg.a(libc_a-mktime.o)
                              CMakeFiles/blink.dir/home/tyler/ece6785/pico-sdk/src/common/pico_util/datetime.c.o (mktime)
/usr/lib/gcc/arm-none-eabi/13.2.1/../../../arm-none-eabi/lib/thumb/v6-m/nofp/libg.a(libc_a-mlock.o)
                              /usr/lib/gcc/arm-none-eabi/13.2.1/../../../arm-none-eabi/lib/thumb/v6-m/nofp/libg.a(libc_a-mallocr.o) (__malloc_lock)
/usr/lib/gcc/arm-none-eabi/13.2.1/../../../arm-none-eabi/lib/thumb/v6-m/nofp/libg.a(libc_a-findfp.o)
                              /usr/lib/gcc/arm-none-eabi/13.2.1/../../../arm-none-eabi/lib/thumb/v6-m/nofp/libg.a(libc_a-impure.o) (__sf)
/usr/lib/gcc/arm-none-eabi/13.2.1/../../../arm-none-eabi/lib/thumb/v6-m/nofp/libg.a(libc_a-tzlock.o)
                              /usr/lib/gcc/arm-none-eabi/13.2.1/../../../arm-none-eabi/lib/thumb/v6-m/nofp/libg.a(libc_a-mktime.o) (__tz_lock)
/usr/lib/gcc/arm-none-eabi/13.2.1/../../../arm-none-eabi/lib/thumb/v6-m/nofp/libg.a(libc_a-atexit.o)
                              /usr/lib/gcc/arm-none-eabi/13.2.1/../../../arm-none-eabi/lib/thumb/v6-m/nofp/crt0.o (atexit)
/usr/lib/gcc/arm-none-eabi/13.2.1/../../../arm-none-eabi/lib/thumb/v6-m/nofp/libg.a(libc_a-lcltime_r.o)
                              CMakeFiles/blink.dir/home/tyler/ece6785/pico-sdk/src/common/pico_util/datetime.c.o (localtime_r)
/usr/lib/gcc/arm-none-eabi/13.2.1/../../../arm-none-eabi/lib/thumb/v6-m/nofp/libg.a(libc_a-strlen-stub.o)
                              CMakeFiles/blink.dir/home/tyler/ece6785/pico-sdk/src/rp2_common/pico_stdio/stdio.c.o (strlen)
[...]
Memory Configuration

Name             Origin             Length             Attributes
FLASH            0x10000000         0x00200000         xr
RAM              0x20000000         0x00040000         xrw
SCRATCH_X        0x20040000         0x00001000         xrw
SCRATCH_Y        0x20041000         0x00001000         xrw
*default*        0x00000000         0xffffffff

Linker script and memory map

LOAD /usr/lib/gcc/arm-none-eabi/13.2.1/thumb/v6-m/nofp/crti.o
LOAD /usr/lib/gcc/arm-none-eabi/13.2.1/thumb/v6-m/nofp/crtbegin.o
LOAD /usr/lib/gcc/arm-none-eabi/13.2.1/../../../arm-none-eabi/lib/thumb/v6-m/nofp/crt0.o

.flash_begin    0x10000000        0x0
                0x10000000                        __flash_binary_start = .

.boot2          0x10000000      0x100
                0x10000000                        __boot2_start__ = .
 *(.boot2)
 .boot2         0x10000000      0x100 ../pico-sdk/src/rp2040/boot_stage2/CMakeFiles/bs2_default_library.dir/bs2_default_padded_checksummed.S.o
                0x10000100                        __boot2_end__ = .
                0x00000001                        ASSERT (((__boot2_end__ - __boot2_start__) == 0x100), ERROR: Pico second stage bootloader must be 256 bytes in size)

.text           0x10000100     0x7ca8
                0x10000100                        __logical_binary_start = .
 *(.vectors)
 .vectors       0x10000100       0xd4 CMakeFiles/blink.dir/home/tyler/ece6785/pico-sdk/src/rp2_common/pico_crt0/crt0.S.o
                0x10000100                __vectors
                0x10000100                __VECTOR_TABLE
                0x100001c0                isr_irq30
                0x100001c0                __unhandled_user_irq
                0x100001c0                isr_irq13
                0x100001c0                isr_irq27
                0x100001c0                isr_irq31
                0x100001c0                isr_irq5
                0x100001c0                isr_irq11
                0x100001c0                isr_irq23
                0x100001c0                isr_irq18
                0x100001c0                isr_irq28
                0x100001c0                isr_irq19
                0x100001c0                isr_irq0
                0x100001c0                isr_irq6
                0x100001c0                isr_irq22
                0x100001c0                isr_irq17
                0x100001c0                isr_irq14
                0x100001c0                __vectors_end
                0x100001c0                __default_isrs_start
                0x100001c0                isr_irq2
                0x100001c0                isr_irq10
                0x100001c0                isr_irq8
                0x100001c0                isr_irq24
                0x100001c0                isr_irq1
                0x100001c0                isr_irq7
                0x100001c0                isr_irq21
                0x100001c0                isr_irq20
                0x100001c0                isr_irq15
                0x100001c0                isr_irq25
                0x100001c0                isr_irq4
                0x100001c0                isr_irq16
                0x100001c0                isr_irq29
                0x100001c0                isr_irq26
                0x100001c0                isr_irq3
                0x100001c0                isr_irq12
                0x100001c0                isr_irq9
                0x100001c6                unhandled_user_irq_num_in_r0
                0x100001c8                isr_invalid
                0x100001ca                isr_nmi
                0x100001cc                isr_hardfault
                0x100001ce                isr_svcall
                0x100001d0                isr_pendsv
                0x100001d2                isr_systick
                0x100001d4                __default_isrs_end
 *(.binary_info_header)
 .binary_info_header
                0x100001d4       0x14 CMakeFiles/blink.dir/home/tyler/ece6785/pico-sdk/src/rp2_common/pico_crt0/crt0.S.o
                0x100001e8                        __binary_info_header_end = .
 *(.embedded_block)
                0x100001e8                        __embedded_block_end = .
 *(.reset)
 .reset         0x100001e8       0x9c CMakeFiles/blink.dir/home/tyler/ece6785/pico-sdk/src/rp2_common/pico_crt0/crt0.S.o
                0x100001e8                _entry_point
 *(.init)
 .init          0x10000284        0x4 /usr/lib/gcc/arm-none-eabi/13.2.1/thumb/v6-m/nofp/crti.o
                0x10000284                _init
 *(EXCLUDE_FILE(*libm.a: *libc.a:*lib_a-mem*.o *libgcc.a:) .text*)
 .text          0x10000288       0x98 /usr/lib/gcc/arm-none-eabi/13.2.1/thumb/v6-m/nofp/crtbegin.o
 .text.startup.main
                0x10000320       0x30 CMakeFiles/blink.dir/blink.c.o
                0x10000320                main
 .text.gpio_set_function
                0x10000350       0x34 CMakeFiles/blink.dir/home/tyler/ece6785/pico-sdk/src/rp2_common/hardware_gpio/gpio.c.o
                0x10000350                gpio_set_function
 .text.gpio_set_pulls
                0x10000384       0x28 CMakeFiles/blink.dir/home/tyler/ece6785/pico-sdk/src/rp2_common/hardware_gpio/gpio.c.o
                0x10000384                gpio_set_pulls
 .text.gpio_set_input_hysteresis_enabled
                0x100003ac       0x28 CMakeFiles/blink.dir/home/tyler/ece6785/pico-sdk/src/rp2_common/hardware_gpio/gpio.c.o
                0x100003ac                gpio_set_input_hysteresis_enabled
 .text.gpio_set_irq_enabled
                0x100003d4       0x58 CMakeFiles/blink.dir/home/tyler/ece6785/pico-sdk/src/rp2_common/hardware_gpio/gpio.c.o
                0x100003d4                gpio_set_irq_enabled
 .text.gpio_add_raw_irq_handler_with_order_priority_masked
                0x1000042c       0x44 CMakeFiles/blink.dir/home/tyler/ece6785/pico-sdk/src/rp2_common/hardware_gpio/gpio.c.o
                0x1000042c                gpio_add_raw_irq_handler_with_order_priority_masked
 .text.gpio_remove_raw_irq_handler_masked
                0x10000470       0x20 CMakeFiles/blink.dir/home/tyler/ece6785/pico-sdk/src/rp2_common/hardware_gpio/gpio.c.o
                0x10000470                gpio_remove_raw_irq_handler_masked
 .text.gpio_init
                0x10000490       0x40 CMakeFiles/blink.dir/home/tyler/ece6785/pico-sdk/src/rp2_common/hardware_gpio/gpio.c.o
                0x10000490                gpio_init
 .text.panic    0x100004d0       0x30 CMakeFiles/blink.dir/home/tyler/ece6785/pico-sdk/src/rp2_common/pico_platform_panic/panic.c.o
                0x100004d0                panic
 .text.hw_claim_lock
                0x10000500       0x18 CMakeFiles/blink.dir/home/tyler/ece6785/pico-sdk/src/common/hardware_claim/claim.c.o
                0x10000500                hw_claim_lock
 .text.hw_claim_unlock
                0x10000518       0x14 CMakeFiles/blink.dir/home/tyler/ece6785/pico-sdk/src/common/hardware_claim/claim.c.o
                0x10000518                hw_claim_unlock
 .text.hw_claim_or_assert
                0x1000052c       0x44 CMakeFiles/blink.dir/home/tyler/ece6785/pico-sdk/src/common/hardware_claim/claim.c.o
                0x1000052c                hw_claim_or_assert
 .text.hw_claim_unused_from_range
                0x10000570       0x9c CMakeFiles/blink.dir/home/tyler/ece6785/pico-sdk/src/common/hardware_claim/claim.c.o
                0x10000570                hw_claim_unused_from_range
 .text.hw_claim_clear
                0x1000060c       0x38 CMakeFiles/blink.dir/home/tyler/ece6785/pico-sdk/src/common/hardware_claim/claim.c.o
                0x1000060c                hw_claim_clear
 .text.next_striped_spin_lock_num
                0x10000644       0x18 CMakeFiles/blink.dir/home/tyler/ece6785/pico-sdk/src/rp2_common/hardware_sync/sync.c.o
                0x10000644                next_striped_spin_lock_num
 .text.spin_locks_reset
                0x1000065c       0x1c CMakeFiles/blink.dir/home/tyler/ece6785/pico-sdk/src/rp2_common/hardware_sync_spin_lock/sync_spin_lock.c.o
                0x1000065c                spin_locks_reset
 .text.runtime_init_per_core_irq_priorities
                0x10000678       0x24 CMakeFiles/blink.dir/home/tyler/ece6785/pico-sdk/src/rp2_common/hardware_irq/irq.c.o
                0x10000678                runtime_init_per_core_irq_priorities
 .text.irq_set_enabled
                0x1000069c       0x24 CMakeFiles/blink.dir/home/tyler/ece6785/pico-sdk/src/rp2_common/hardware_irq/irq.c.o
                0x1000069c                irq_set_enabled
 .text.irq_set_pending
                0x100006c0       0x10 CMakeFiles/blink.dir/home/tyler/ece6785/pico-sdk/src/rp2_common/hardware_irq/irq.c.o
                0x100006c0                irq_set_pending
 .text.irq_set_exclusive_handler
                0x100006d0       0x54 CMakeFiles/blink.dir/home/tyler/ece6785/pico-sdk/src/rp2_common/hardware_irq/irq.c.o
                0x100006d0                irq_set_exclusive_handler
 .text.irq_add_shared_handler
                0x10000724      0x1f4 CMakeFiles/blink.dir/home/tyler/ece6785/pico-sdk/src/rp2_common/hardware_irq/irq.c.o
                0x10000724                irq_add_shared_handler
 .text.irq_remove_handler
                0x10000918      0x1d4 CMakeFiles/blink.dir/home/tyler/ece6785/pico-sdk/src/rp2_common/hardware_irq/irq.c.o
                0x10000918                irq_remove_handler
 .text.irq_set_priority
                0x10000aec       0x28 CMakeFiles/blink.dir/home/tyler/ece6785/pico-sdk/src/rp2_common/hardware_irq/irq.c.o
                0x10000aec                irq_set_priority
 .text.irq_add_tail_to_free_list
                0x10000b14       0xb4 CMakeFiles/blink.dir/home/tyler/ece6785/pico-sdk/src/rp2_common/hardware_irq/irq.c.o
                0x10000b14                irq_add_tail_to_free_list
 .text.user_irq_unclaim
                0x10000bc8       0x14 CMakeFiles/blink.dir/home/tyler/ece6785/pico-sdk/src/rp2_common/hardware_irq/irq.c.o
                0x10000bc8                user_irq_unclaim
 .text.user_irq_claim_unused
                0x10000bdc       0x2c CMakeFiles/blink.dir/home/tyler/ece6785/pico-sdk/src/rp2_common/hardware_irq/irq.c.o
                0x10000bdc                user_irq_claim_unused
 .text.sem_init
                0x10000c08       0x20 CMakeFiles/blink.dir/home/tyler/ece6785/pico-sdk/src/common/pico_sync/sem.c.o
                0x10000c08                sem_init
 .text.lock_init
                0x10000c28       0x10 CMakeFiles/blink.dir/home/tyler/ece6785/pico-sdk/src/common/pico_sync/lock_core.c.o
                0x10000c28                lock_init
 .text.runtime_init_mutex
                0x10000c38       0x50 CMakeFiles/blink.dir/home/tyler/ece6785/pico-sdk/src/common/pico_sync/mutex.c.o
                0x10000c38                runtime_init_mutex
 .text.recursive_mutex_init
                0x10000c88       0x1c CMakeFiles/blink.dir/home/tyler/ece6785/pico-sdk/src/common/pico_sync/mutex.c.o
                0x10000c88                recursive_mutex_init
 .text.sleep_until_callback
                0x10000ca4       0x30 CMakeFiles/blink.dir/home/tyler/ece6785/pico-sdk/src/common/pico_time/time.c.o
 .text.alarm_pool_irq_handler
                0x10000cd4      0x2fc CMakeFiles/blink.dir/home/tyler/ece6785/pico-sdk/src/common/pico_time/time.c.o
 .text.runtime_init_default_alarm_pool
                0x10000fd0       0xdc CMakeFiles/blink.dir/home/tyler/ece6785/pico-sdk/src/common/pico_time/time.c.o
                0x10000fd0                runtime_init_default_alarm_pool
 .text.alarm_pool_get_default
                0x100010ac        0x8 CMakeFiles/blink.dir/home/tyler/ece6785/pico-sdk/src/common/pico_time/time.c.o
                0x100010ac                alarm_pool_get_default
 .text.alarm_pool_add_alarm_at
                0x100010b4       0xd4 CMakeFiles/blink.dir/home/tyler/ece6785/pico-sdk/src/common/pico_time/time.c.o
                0x100010b4                alarm_pool_add_alarm_at
 .text.alarm_pool_add_alarm_at_force_in_context
                0x10001188       0xb0 CMakeFiles/blink.dir/home/tyler/ece6785/pico-sdk/src/common/pico_time/time.c.o
                0x10001188                alarm_pool_add_alarm_at_force_in_context
 .text.alarm_pool_cancel_alarm
                0x10001238       0x74 CMakeFiles/blink.dir/home/tyler/ece6785/pico-sdk/src/common/pico_time/time.c.o
                0x10001238                alarm_pool_cancel_alarm
 .text.sleep_until
                0x100012ac       0xd8 CMakeFiles/blink.dir/home/tyler/ece6785/pico-sdk/src/common/pico_time/time.c.o
                0x100012ac                sleep_until
 .text.sleep_ms
                0x10001384       0x38 CMakeFiles/blink.dir/home/tyler/ece6785/pico-sdk/src/common/pico_time/time.c.o
                0x10001384                sleep_ms
 .text.best_effort_wfe_or_timeout
                0x100013bc       0xf8 CMakeFiles/blink.dir/home/tyler/ece6785/pico-sdk/src/common/pico_time/time.c.o
                0x100013bc                best_effort_wfe_or_timeout
 .text.timer_hardware_alarm_claim
                0x100014b4       0x14 CMakeFiles/blink.dir/home/tyler/ece6785/pico-sdk/src/rp2_common/hardware_timer/timer.c.o
                0x100014b4                timer_hardware_alarm_claim
 .text.timer_time_us_64
                0x100014c8       0x10 CMakeFiles/blink.dir/home/tyler/ece6785/pico-sdk/src/rp2_common/hardware_timer/timer.c.o
                0x100014c8                timer_time_us_64
 .text.time_us_64
                0x100014d8       0x14 CMakeFiles/blink.dir/home/tyler/ece6785/pico-sdk/src/rp2_common/hardware_timer/timer.c.o
                0x100014d8                time_us_64
 .text.busy_wait_until
                0x100014ec       0x20 CMakeFiles/blink.dir/home/tyler/ece6785/pico-sdk/src/rp2_common/hardware_timer/timer.c.o
                0x100014ec                busy_wait_until
 .text.clock_configure_int_divider
                0x1000150c       0xf4 CMakeFiles/blink.dir/home/tyler/ece6785/pico-sdk/src/rp2_common/hardware_clocks/clocks.c.o
                0x1000150c                clock_configure_int_divider
 .text.clock_configure_undivided
                0x10001600       0xe8 CMakeFiles/blink.dir/home/tyler/ece6785/pico-sdk/src/rp2_common/hardware_clocks/clocks.c.o
                0x10001600                clock_configure_undivided
 .text.clock_get_hz
                0x100016e8        0xc CMakeFiles/blink.dir/home/tyler/ece6785/pico-sdk/src/rp2_common/hardware_clocks/clocks.c.o
                0x100016e8                clock_get_hz
 .text.pll_init
                0x100016f4       0xa4 CMakeFiles/blink.dir/home/tyler/ece6785/pico-sdk/src/rp2_common/hardware_pll/pll.c.o
                0x100016f4                pll_init
 .text.tick_start
                0x10001798       0x10 CMakeFiles/blink.dir/home/tyler/ece6785/pico-sdk/src/rp2_common/hardware_ticks/ticks.c.o
                0x10001798                tick_start
 .text.rom_func_lookup
                0x100017a8       0x10 CMakeFiles/blink.dir/home/tyler/ece6785/pico-sdk/src/rp2_common/pico_bootrom/bootrom.c.o
                0x100017a8                rom_func_lookup
 .text.rom_data_lookup
                0x100017b8       0x10 CMakeFiles/blink.dir/home/tyler/ece6785/pico-sdk/src/rp2_common/pico_bootrom/bootrom.c.o
                0x100017b8                rom_data_lookup
 .text.rom_funcs_lookup
                0x100017c8       0x44 CMakeFiles/blink.dir/home/tyler/ece6785/pico-sdk/src/rp2_common/pico_bootrom/bootrom.c.o
                0x100017c8                rom_funcs_lookup
 .text.rom_reset_usb_boot
                0x1000180c       0x20 CMakeFiles/blink.dir/home/tyler/ece6785/pico-sdk/src/rp2_common/pico_bootrom/bootrom.c.o
                0x1000180c                rom_reset_usb_boot
 .text.xosc_init
                0x1000182c       0x28 CMakeFiles/blink.dir/home/tyler/ece6785/pico-sdk/src/rp2_common/hardware_xosc/xosc.c.o
                0x1000182c                xosc_init
 .text.first_per_core_initializer
                0x10001854        0x4 CMakeFiles/blink.dir/home/tyler/ece6785/pico-sdk/src/rp2_common/pico_runtime/runtime.c.o
 .text.hard_assertion_failure
                0x10001858        0xc CMakeFiles/blink.dir/home/tyler/ece6785/pico-sdk/src/rp2_common/pico_runtime/runtime.c.o
                0x10001858                hard_assertion_failure
 .text.runtime_run_initializers
                0x10001864       0x28 CMakeFiles/blink.dir/home/tyler/ece6785/pico-sdk/src/rp2_common/pico_runtime/runtime.c.o
                0x10001864                runtime_run_initializers
 .text.runtime_init_early_resets
                0x1000188c       0x2c CMakeFiles/blink.dir/home/tyler/ece6785/pico-sdk/src/rp2_common/pico_runtime_init/runtime_init.c.o
                0x1000188c                runtime_init_early_resets
 .text.runtime_init_usb_power_down
                0x100018b8       0x1c CMakeFiles/blink.dir/home/tyler/ece6785/pico-sdk/src/rp2_common/pico_runtime_init/runtime_init.c.o
                0x100018b8                runtime_init_usb_power_down
 .text.runtime_init_post_clock_resets
                0x100018d4       0x20 CMakeFiles/blink.dir/home/tyler/ece6785/pico-sdk/src/rp2_common/pico_runtime_init/runtime_init.c.o
                0x100018d4                runtime_init_post_clock_resets
 .text.runtime_init_rp2040_gpio_ie_disable
                0x100018f4       0x14 CMakeFiles/blink.dir/home/tyler/ece6785/pico-sdk/src/rp2_common/pico_runtime_init/runtime_init.c.o
                0x100018f4                runtime_init_rp2040_gpio_ie_disable
 .text.runtime_init_spin_locks_reset
                0x10001908        0x8 CMakeFiles/blink.dir/home/tyler/ece6785/pico-sdk/src/rp2_common/pico_runtime_init/runtime_init.c.o
                0x10001908                runtime_init_spin_locks_reset
 .text.runtime_init_install_ram_vector_table
                0x10001910       0xb4 CMakeFiles/blink.dir/home/tyler/ece6785/pico-sdk/src/rp2_common/pico_runtime_init/runtime_init.c.o
                0x10001910                runtime_init_install_ram_vector_table
 .text.runtime_init_clocks
                0x100019c4       0xd8 CMakeFiles/blink.dir/home/tyler/ece6785/pico-sdk/src/rp2_common/pico_runtime_init/runtime_init_clocks.c.o
                0x100019c4                runtime_init_clocks
 .text          0x10001a9c       0x10 CMakeFiles/blink.dir/home/tyler/ece6785/pico-sdk/src/rp2_common/pico_bit_ops/bit_ops_aeabi.S.o
 .text.ctzsi    0x10001aac        0xc CMakeFiles/blink.dir/home/tyler/ece6785/pico-sdk/src/rp2_common/pico_bit_ops/bit_ops_aeabi.S.o
                0x10001aac                __wrap___ctzsi2
 .text.__wrap___aeabi_idiv
                0x10001ab8       0x50 CMakeFiles/blink.dir/home/tyler/ece6785/pico-sdk/src/rp2_common/pico_divider/divider_hardware.S.o
                0x10001ab8                __wrap___aeabi_idivmod
                0x10001ab8                divmod_s32s32
                0x10001ab8                div_s32s32
                0x10001ab8                __wrap___aeabi_idiv
                0x10001ac0                divmod_s32s32_unsafe
                0x10001aec                divmod_s32s32_savestate
 .text.__wrap___aeabi_uidiv
                0x10001b08       0x4c CMakeFiles/blink.dir/home/tyler/ece6785/pico-sdk/src/rp2_common/pico_divider/divider_hardware.S.o
                0x10001b08                __wrap___aeabi_uidiv
                0x10001b08                __wrap___aeabi_uidivmod
                0x10001b08                div_u32u32
                0x10001b08                divmod_u32u32
                0x10001b10                divmod_u32u32_unsafe
                0x10001b38                divmod_u32u32_savestate
 .text.__wrap___aeabi_ldiv
                0x10001b54      0x424 CMakeFiles/blink.dir/home/tyler/ece6785/pico-sdk/src/rp2_common/pico_divider/divider_hardware.S.o
                0x10001b54                div_s64s64
                0x10001b54                divmod_s64s64
                0x10001b54                __wrap___aeabi_ldivmod
                0x10001b84                div_u64u64
                0x10001b84                divmod_u64u64
                0x10001b84                __wrap___aeabi_uldivmod
                0x10001b94                divmod_u64u64_savestate
                0x10001bb4                divmod_s64s64_unsafe
                0x10001c3c                divmod_u64u64_unsafe
 .text.__wrap___aeabi_darithmetic
                0x10001f78       0x60 CMakeFiles/blink.dir/home/tyler/ece6785/pico-sdk/src/rp2_common/pico_double/double_aeabi_rp2040.S.o
                0x10001f78                __wrap___aeabi_drsub
                0x10001f7e                __wrap___aeabi_dsub
                0x10001f88                __wrap___aeabi_dadd
                0x10001f92                __wrap___aeabi_ddiv
                0x10001fc6                __wrap___aeabi_dmul
 .text.__wrap___aeabi_cdcmple
                0x10001fd8       0x6c CMakeFiles/blink.dir/home/tyler/ece6785/pico-sdk/src/rp2_common/pico_double/double_aeabi_rp2040.S.o
                0x10001fd8                __wrap___aeabi_cdrcmple
                0x10001fe8                __wrap___aeabi_cdcmple
                0x10001fe8                __wrap___aeabi_cdcmpeq
 .text.__wrap___aeabi_dcmplt
                0x10002044        0xc CMakeFiles/blink.dir/home/tyler/ece6785/pico-sdk/src/rp2_common/pico_double/double_aeabi_rp2040.S.o
                0x10002044                __wrap___aeabi_dcmplt
 .text.__wrap___aeabi_dcmpge
                0x10002050       0x10 CMakeFiles/blink.dir/home/tyler/ece6785/pico-sdk/src/rp2_common/pico_double/double_aeabi_rp2040.S.o
                0x10002050                __wrap___aeabi_dcmpge
 .text.__wrap___aeabi_dcmpgt
                0x10002060        0xa CMakeFiles/blink.dir/home/tyler/ece6785/pico-sdk/src/rp2_common/pico_double/double_aeabi_rp2040.S.o
                0x10002060                __wrap___aeabi_dcmpgt
 .text.__wrap___aeabi_dcmpun
                0x1000206a       0x18 CMakeFiles/blink.dir/home/tyler/ece6785/pico-sdk/src/rp2_common/pico_double/double_aeabi_rp2040.S.o
                0x1000206a                __wrap___aeabi_dcmpun
 *fill*         0x10002082        0x2 
 .text.__wrap___aeabi_i2d
                0x10002084       0x38 CMakeFiles/blink.dir/home/tyler/ece6785/pico-sdk/src/rp2_common/pico_double/double_aeabi_rp2040.S.o
                0x10002084                __wrap___aeabi_ui2d
                0x10002084                uint2double
                0x1000208c                __wrap___aeabi_i2d
                0x1000208c                int2double
 .text.__wrap___aeabi_d2iz
                0x100020bc       0x48 CMakeFiles/blink.dir/home/tyler/ece6785/pico-sdk/src/rp2_common/pico_double/double_aeabi_rp2040.S.o
                0x100020bc                __wrap___aeabi_d2iz
                0x100020bc                double2int_z
 .text.__wrap___aeabi_d2uiz
                0x10002104       0x10 CMakeFiles/blink.dir/home/tyler/ece6785/pico-sdk/src/rp2_common/pico_double/double_aeabi_rp2040.S.o
                0x10002104                double2uint_z
                0x10002104                double2uint
                0x10002104                __wrap___aeabi_d2uiz
 .text.missing_double_func_shim
                0x10002114        0xc CMakeFiles/blink.dir/home/tyler/ece6785/pico-sdk/src/rp2_common/pico_double/double_init_rom_rp2040.c.o
 .text.__aeabi_double_init
                0x10002120       0xa0 CMakeFiles/blink.dir/home/tyler/ece6785/pico-sdk/src/rp2_common/pico_double/double_init_rom_rp2040.c.o
                0x10002120                __aeabi_double_init
 .text.double_table_shim_on_use_helper
                0x100021c0       0x2c CMakeFiles/blink.dir/home/tyler/ece6785/pico-sdk/src/rp2_common/pico_double/double_v1_rom_shim_rp2040.S.o
                0x100021c0                double_table_shim_on_use_helper
 .text.__aeabi_lmul
                0x100021ec       0x32 CMakeFiles/blink.dir/home/tyler/ece6785/pico-sdk/src/rp2_common/pico_int64_ops/pico_int64_ops_aeabi.S.o
                0x100021ec                __wrap___aeabi_lmul
 *fill*         0x1000221e        0x2 
 .text.missing_float_func_shim
                0x10002220        0xc CMakeFiles/blink.dir/home/tyler/ece6785/pico-sdk/src/rp2_common/pico_float/float_init_rom_rp2040.c.o
 .text.__aeabi_float_init
                0x1000222c       0x5c CMakeFiles/blink.dir/home/tyler/ece6785/pico-sdk/src/rp2_common/pico_float/float_init_rom_rp2040.c.o
                0x1000222c                __aeabi_float_init
 .text          0x10002288       0x10 CMakeFiles/blink.dir/home/tyler/ece6785/pico-sdk/src/rp2_common/pico_mem_ops/mem_ops_aeabi.S.o
                0x10002288                __aeabi_mem_init
 .text.memset   0x10002298        0xc CMakeFiles/blink.dir/home/tyler/ece6785/pico-sdk/src/rp2_common/pico_mem_ops/mem_ops_aeabi.S.o
                0x10002298                __wrap_memset
 .text.memcpy   0x100022a4        0xc CMakeFiles/blink.dir/home/tyler/ece6785/pico-sdk/src/rp2_common/pico_mem_ops/mem_ops_aeabi.S.o
                0x100022a4                __wrap___aeabi_memcpy
                0x100022a4                __wrap_memcpy
 .text._out_null
                0x100022b0        0x4 CMakeFiles/blink.dir/home/tyler/ece6785/pico-sdk/src/rp2_common/pico_printf/printf.c.o
 .text._out_rev
                0x100022b4       0xac CMakeFiles/blink.dir/home/tyler/ece6785/pico-sdk/src/rp2_common/pico_printf/printf.c.o
 .text._ntoa_format
                0x10002360      0x250 CMakeFiles/blink.dir/home/tyler/ece6785/pico-sdk/src/rp2_common/pico_printf/printf.c.o
 .text._out_char
                0x100025b0       0x10 CMakeFiles/blink.dir/home/tyler/ece6785/pico-sdk/src/rp2_common/pico_printf/printf.c.o
 .text._out_fct
                0x100025c0       0x10 CMakeFiles/blink.dir/home/tyler/ece6785/pico-sdk/src/rp2_common/pico_printf/printf.c.o
 .text._etoa    0x100025d0      0x464 CMakeFiles/blink.dir/home/tyler/ece6785/pico-sdk/src/rp2_common/pico_printf/printf.c.o
 .text._ftoa    0x10002a34      0x3c0 CMakeFiles/blink.dir/home/tyler/ece6785/pico-sdk/src/rp2_common/pico_printf/printf.c.o
 .text._vsnprintf
                0x10002df4      0xbc8 CMakeFiles/blink.dir/home/tyler/ece6785/pico-sdk/src/rp2_common/pico_printf/printf.c.o
 .text.vfctprintf
                0x100039bc       0x20 CMakeFiles/blink.dir/home/tyler/ece6785/pico-sdk/src/rp2_common/pico_printf/printf.c.o
                0x100039bc                vfctprintf
 .text.weak_raw_vprintf
                0x100039dc       0x30 CMakeFiles/blink.dir/home/tyler/ece6785/pico-sdk/src/rp2_common/pico_printf/printf.c.o
                0x100039dc                weak_raw_vprintf
 .text._exit    0x10003a0c        0xc CMakeFiles/blink.dir/home/tyler/ece6785/pico-sdk/src/rp2_common/pico_clib_interface/newlib_interface.c.o
                0x10003a0c                _exit
 .text.exit     0x10003a18        0x8 CMakeFiles/blink.dir/home/tyler/ece6785/pico-sdk/src/rp2_common/pico_clib_interface/newlib_interface.c.o
                0x10003a18                exit
 .text.runtime_init
                0x10003a20       0x2c CMakeFiles/blink.dir/home/tyler/ece6785/pico-sdk/src/rp2_common/pico_clib_interface/newlib_interface.c.o
                0x10003a20                runtime_init
 .text.stdio_out_chars_no_crlf
                0x10003a4c       0x10 CMakeFiles/blink.dir/home/tyler/ece6785/pico-sdk/src/rp2_common/pico_stdio/stdio.c.o
 .text.stdio_out_chars_crlf
                0x10003a5c       0x94 CMakeFiles/blink.dir/home/tyler/ece6785/pico-sdk/src/rp2_common/pico_stdio/stdio.c.o
 .text.stdio_buffered_printer
                0x10003af0       0x64 CMakeFiles/blink.dir/home/tyler/ece6785/pico-sdk/src/rp2_common/pico_stdio/stdio.c.o
 .text.stdio_put_string
                0x10003b54      0x100 CMakeFiles/blink.dir/home/tyler/ece6785/pico-sdk/src/rp2_common/pico_stdio/stdio.c.o
                0x10003b54                stdio_put_string
 .text.__wrap_putchar
                0x10003c54       0x98 CMakeFiles/blink.dir/home/tyler/ece6785/pico-sdk/src/rp2_common/pico_stdio/stdio.c.o
                0x10003c54                stdio_putchar
                0x10003c54                __wrap_putchar
 .text.__wrap_puts
                0x10003cec       0x3c CMakeFiles/blink.dir/home/tyler/ece6785/pico-sdk/src/rp2_common/pico_stdio/stdio.c.o
                0x10003cec                __wrap_puts
                0x10003cec                stdio_puts
 .text.__wrap_vprintf
                0x10003d28       0xd4 CMakeFiles/blink.dir/home/tyler/ece6785/pico-sdk/src/rp2_common/pico_stdio/stdio.c.o
                0x10003d28                __wrap_vprintf
                0x10003d28                stdio_vprintf
 .text.__wrap_printf
                0x10003dfc       0x18 CMakeFiles/blink.dir/home/tyler/ece6785/pico-sdk/src/rp2_common/pico_stdio/stdio.c.o
                0x10003dfc                stdio_printf
                0x10003dfc                __wrap_printf
 .text.cyw43_arch_set_async_context
                0x10003e14        0xc CMakeFiles/blink.dir/home/tyler/ece6785/pico-sdk/src/rp2_common/pico_cyw43_arch/cyw43_arch.c.o
                0x10003e14                cyw43_arch_set_async_context
 .text.cyw43_arch_gpio_put
                0x10003e20       0x14 CMakeFiles/blink.dir/home/tyler/ece6785/pico-sdk/src/rp2_common/pico_cyw43_arch/cyw43_arch.c.o
                0x10003e20                cyw43_arch_gpio_put
 .text.cyw43_arch_async_context
                0x10003e34        0xc CMakeFiles/blink.dir/home/tyler/ece6785/pico-sdk/src/rp2_common/pico_cyw43_arch/cyw43_arch.c.o
                0x10003e34                cyw43_arch_async_context
 .text.cyw43_arch_init
                0x10003e40       0x64 CMakeFiles/blink.dir/home/tyler/ece6785/pico-sdk/src/rp2_common/pico_cyw43_arch/cyw43_arch_threadsafe_background.c.o
                0x10003e40                cyw43_arch_init
 .text.startup._retrieve_unique_id_on_boot
                0x10003ea4       0x10 CMakeFiles/blink.dir/home/tyler/ece6785/pico-sdk/src/rp2_common/pico_unique_id/unique_id.c.o
 .text.pico_get_unique_board_id
                0x10003eb4       0x10 CMakeFiles/blink.dir/home/tyler/ece6785/pico-sdk/src/rp2_common/pico_unique_id/unique_id.c.o
                0x10003eb4                pico_get_unique_board_id
 .text.flash_get_unique_id
                0x10003ec4       0x3c CMakeFiles/blink.dir/home/tyler/ece6785/pico-sdk/src/rp2_common/hardware_flash/flash.c.o
                0x10003ec4                flash_get_unique_id
 .text.ns_delay.constprop.0
                0x10003f00       0x20 CMakeFiles/blink.dir/home/tyler/ece6785/pico-sdk/src/rp2_common/pico_cyw43_driver/cyw43_bus_pio_spi.c.o
 .text.cyw43_spi_deinit
                0x10003f20       0x6c CMakeFiles/blink.dir/home/tyler/ece6785/pico-sdk/src/rp2_common/pico_cyw43_driver/cyw43_bus_pio_spi.c.o
                0x10003f20                cyw43_spi_deinit
 .text.cyw43_spi_init
                0x10003f8c      0x128 CMakeFiles/blink.dir/home/tyler/ece6785/pico-sdk/src/rp2_common/pico_cyw43_driver/cyw43_bus_pio_spi.c.o
                0x10003f8c                cyw43_spi_init
 .text.cyw43_spi_transfer
                0x100040b4      0x420 CMakeFiles/blink.dir/home/tyler/ece6785/pico-sdk/src/rp2_common/pico_cyw43_driver/cyw43_bus_pio_spi.c.o
                0x100040b4                cyw43_spi_transfer
 .text.cyw43_spi_gpio_setup
                0x100044d4       0x3c CMakeFiles/blink.dir/home/tyler/ece6785/pico-sdk/src/rp2_common/pico_cyw43_driver/cyw43_bus_pio_spi.c.o
                0x100044d4                cyw43_spi_gpio_setup
 .text.cyw43_spi_reset
                0x10004510       0x28 CMakeFiles/blink.dir/home/tyler/ece6785/pico-sdk/src/rp2_common/pico_cyw43_driver/cyw43_bus_pio_spi.c.o
                0x10004510                cyw43_spi_reset
 .text.read_reg_u32_swap
                0x10004538       0x3c CMakeFiles/blink.dir/home/tyler/ece6785/pico-sdk/src/rp2_common/pico_cyw43_driver/cyw43_bus_pio_spi.c.o
                0x10004538                read_reg_u32_swap
 .text.cyw43_read_reg_u32
                0x10004574       0x50 CMakeFiles/blink.dir/home/tyler/ece6785/pico-sdk/src/rp2_common/pico_cyw43_driver/cyw43_bus_pio_spi.c.o
                0x10004574                cyw43_read_reg_u32
 .text.cyw43_read_reg_u16
                0x100045c4       0x50 CMakeFiles/blink.dir/home/tyler/ece6785/pico-sdk/src/rp2_common/pico_cyw43_driver/cyw43_bus_pio_spi.c.o
                0x100045c4                cyw43_read_reg_u16
 .text.cyw43_read_reg_u8
                0x10004614       0x50 CMakeFiles/blink.dir/home/tyler/ece6785/pico-sdk/src/rp2_common/pico_cyw43_driver/cyw43_bus_pio_spi.c.o
                0x10004614                cyw43_read_reg_u8
 .text.write_reg_u32_swap
                0x10004664      0x214 CMakeFiles/blink.dir/home/tyler/ece6785/pico-sdk/src/rp2_common/pico_cyw43_driver/cyw43_bus_pio_spi.c.o
                0x10004664                write_reg_u32_swap
 .text.cyw43_write_reg_u32
                0x10004878      0x214 CMakeFiles/blink.dir/home/tyler/ece6785/pico-sdk/src/rp2_common/pico_cyw43_driver/cyw43_bus_pio_spi.c.o
                0x10004878                cyw43_write_reg_u32
 .text.cyw43_write_reg_u16
                0x10004a8c      0x214 CMakeFiles/blink.dir/home/tyler/ece6785/pico-sdk/src/rp2_common/pico_cyw43_driver/cyw43_bus_pio_spi.c.o
                0x10004a8c                cyw43_write_reg_u16
 .text.cyw43_write_reg_u8
                0x10004ca0      0x214 CMakeFiles/blink.dir/home/tyler/ece6785/pico-sdk/src/rp2_common/pico_cyw43_driver/cyw43_bus_pio_spi.c.o
                0x10004ca0                cyw43_write_reg_u8
 .text.cyw43_read_bytes
                0x10004eb4       0x78 CMakeFiles/blink.dir/home/tyler/ece6785/pico-sdk/src/rp2_common/pico_cyw43_driver/cyw43_bus_pio_spi.c.o
                0x10004eb4                cyw43_read_bytes
 .text.cyw43_write_bytes
                0x10004f2c       0xc0 CMakeFiles/blink.dir/home/tyler/ece6785/pico-sdk/src/rp2_common/pico_cyw43_driver/cyw43_bus_pio_spi.c.o
                0x10004f2c                cyw43_write_bytes
 .text.cyw43_set_backplane_window
                0x10004fec       0x68 CMakeFiles/blink.dir/home/tyler/ece6785/pico-sdk/lib/cyw43-driver/src/cyw43_ll.c.o
 .text.cyw43_ll_parse_async_event
                0x10005054      0x134 CMakeFiles/blink.dir/home/tyler/ece6785/pico-sdk/lib/cyw43-driver/src/cyw43_ll.c.o
 .text.cyw43_kso_set
                0x10005188       0x80 CMakeFiles/blink.dir/home/tyler/ece6785/pico-sdk/lib/cyw43-driver/src/cyw43_ll.c.o
 .text.cyw43_ll_sdpcm_poll_device
                0x10005208      0x238 CMakeFiles/blink.dir/home/tyler/ece6785/pico-sdk/lib/cyw43-driver/src/cyw43_ll.c.o
 .text.cyw43_sdpcm_send_common
                0x10005440       0xfc CMakeFiles/blink.dir/home/tyler/ece6785/pico-sdk/lib/cyw43-driver/src/cyw43_ll.c.o
 .text.cyw43_do_ioctl.part.0
                0x1000553c       0xc4 CMakeFiles/blink.dir/home/tyler/ece6785/pico-sdk/lib/cyw43-driver/src/cyw43_ll.c.o
 .text.cyw43_download_resource
                0x10005600       0xd0 CMakeFiles/blink.dir/home/tyler/ece6785/pico-sdk/lib/cyw43-driver/src/cyw43_ll.c.o
 .text.cyw43_write_iovar_u32.constprop.0
                0x100056d0       0x98 CMakeFiles/blink.dir/home/tyler/ece6785/pico-sdk/lib/cyw43-driver/src/cyw43_ll.c.o
 .text.cyw43_write_iovar_n
                0x10005768       0x8c CMakeFiles/blink.dir/home/tyler/ece6785/pico-sdk/lib/cyw43-driver/src/cyw43_ll.c.o
 .text.cyw43_read_backplane.constprop.0
                0x100057f4       0xe4 CMakeFiles/blink.dir/home/tyler/ece6785/pico-sdk/lib/cyw43-driver/src/cyw43_ll.c.o
 .text.cyw43_write_backplane
                0x100058d8      0x10c CMakeFiles/blink.dir/home/tyler/ece6785/pico-sdk/lib/cyw43-driver/src/cyw43_ll.c.o
 .text.reset_device_core.constprop.0
                0x100059e4      0x410 CMakeFiles/blink.dir/home/tyler/ece6785/pico-sdk/lib/cyw43-driver/src/cyw43_ll.c.o
 .text.cyw43_ll_init
                0x10005df4       0x1c CMakeFiles/blink.dir/home/tyler/ece6785/pico-sdk/lib/cyw43-driver/src/cyw43_ll.c.o
                0x10005df4                cyw43_ll_init
 .text.cyw43_ll_deinit
                0x10005e10        0x8 CMakeFiles/blink.dir/home/tyler/ece6785/pico-sdk/lib/cyw43-driver/src/cyw43_ll.c.o
                0x10005e10                cyw43_ll_deinit
 .text.cyw43_ll_process_packets
                0x10005e18       0x54 CMakeFiles/blink.dir/home/tyler/ece6785/pico-sdk/lib/cyw43-driver/src/cyw43_ll.c.o
                0x10005e18                cyw43_ll_process_packets
 .text.cyw43_ll_ioctl
                0x10005e6c       0x80 CMakeFiles/blink.dir/home/tyler/ece6785/pico-sdk/lib/cyw43-driver/src/cyw43_ll.c.o
                0x10005e6c                cyw43_ll_ioctl
 .text.cyw43_ll_bus_sleep
                0x10005eec       0x34 CMakeFiles/blink.dir/home/tyler/ece6785/pico-sdk/lib/cyw43-driver/src/cyw43_ll.c.o
                0x10005eec                cyw43_ll_bus_sleep
 .text.cyw43_ll_wifi_get_mac
                0x10005f20       0x74 CMakeFiles/blink.dir/home/tyler/ece6785/pico-sdk/lib/cyw43-driver/src/cyw43_ll.c.o
                0x10005f20                cyw43_ll_wifi_get_mac
 .text.cyw43_ll_bus_init
                0x10005f94      0x920 CMakeFiles/blink.dir/home/tyler/ece6785/pico-sdk/lib/cyw43-driver/src/cyw43_ll.c.o
                0x10005f94                cyw43_ll_bus_init
 .text.cyw43_ll_wifi_set_wpa_auth
                0x100068b4       0x4c CMakeFiles/blink.dir/home/tyler/ece6785/pico-sdk/lib/cyw43-driver/src/cyw43_ll.c.o
                0x100068b4                cyw43_ll_wifi_set_wpa_auth
 .text.cyw43_ll_wifi_rejoin
                0x10006900       0x58 CMakeFiles/blink.dir/home/tyler/ece6785/pico-sdk/lib/cyw43-driver/src/cyw43_ll.c.o
                0x10006900                cyw43_ll_wifi_rejoin
 .text.cyw43_ll_gpio_set
                0x10006958       0x94 CMakeFiles/blink.dir/home/tyler/ece6785/pico-sdk/lib/cyw43-driver/src/cyw43_ll.c.o
                0x10006958                cyw43_ll_gpio_set
 .text.cyw43_ll_has_work
                0x100069ec       0x14 CMakeFiles/blink.dir/home/tyler/ece6785/pico-sdk/lib/cyw43-driver/src/cyw43_ll.c.o
                0x100069ec                cyw43_ll_has_work
 .text.cyw43_poll_func
                0x10006a00       0xc0 CMakeFiles/blink.dir/home/tyler/ece6785/pico-sdk/lib/cyw43-driver/src/cyw43_ctrl.c.o
 .text.cyw43_init
                0x10006ac0       0x6c CMakeFiles/blink.dir/home/tyler/ece6785/pico-sdk/lib/cyw43-driver/src/cyw43_ctrl.c.o
                0x10006ac0                cyw43_init
 .text.cyw43_deinit
                0x10006b2c       0x90 CMakeFiles/blink.dir/home/tyler/ece6785/pico-sdk/lib/cyw43-driver/src/cyw43_ctrl.c.o
                0x10006b2c                cyw43_deinit
 .text.cyw43_cb_read_host_interrupt_pin
                0x10006bbc        0xc CMakeFiles/blink.dir/home/tyler/ece6785/pico-sdk/lib/cyw43-driver/src/cyw43_ctrl.c.o
                0x10006bbc                cyw43_cb_read_host_interrupt_pin
 .text.cyw43_cb_ensure_awake
                0x10006bc8        0xc CMakeFiles/blink.dir/home/tyler/ece6785/pico-sdk/lib/cyw43-driver/src/cyw43_ctrl.c.o
                0x10006bc8                cyw43_cb_ensure_awake
 .text.cyw43_cb_process_async_event
                0x10006bd4      0x210 CMakeFiles/blink.dir/home/tyler/ece6785/pico-sdk/lib/cyw43-driver/src/cyw43_ctrl.c.o
                0x10006bd4                cyw43_cb_process_async_event
 .text.cyw43_gpio_set
                0x10006de4       0xa0 CMakeFiles/blink.dir/home/tyler/ece6785/pico-sdk/lib/cyw43-driver/src/cyw43_ctrl.c.o
                0x10006de4                cyw43_gpio_set
 .text.pio_sm_set_pindirs_with_mask64
                0x10006e84       0xac CMakeFiles/blink.dir/home/tyler/ece6785/pico-sdk/src/rp2_common/hardware_pio/pio.c.o
                0x10006e84                pio_sm_set_pindirs_with_mask64
 .text.pio_sm_set_consecutive_pindirs
                0x10006f30       0xb4 CMakeFiles/blink.dir/home/tyler/ece6785/pico-sdk/src/rp2_common/hardware_pio/pio.c.o
                0x10006f30                pio_sm_set_consecutive_pindirs
 .text.pio_claim_free_sm_and_add_program_for_gpio_range
                0x10006fe4      0x18c CMakeFiles/blink.dir/home/tyler/ece6785/pico-sdk/src/rp2_common/hardware_pio/pio.c.o
                0x10006fe4                pio_claim_free_sm_and_add_program_for_gpio_range
 .text.pio_remove_program_and_unclaim_sm
                0x10007170       0x40 CMakeFiles/blink.dir/home/tyler/ece6785/pico-sdk/src/rp2_common/hardware_pio/pio.c.o
                0x10007170                pio_remove_program_and_unclaim_sm
 .text.dma_channel_unclaim
                0x100071b0       0x14 CMakeFiles/blink.dir/home/tyler/ece6785/pico-sdk/src/rp2_common/hardware_dma/dma.c.o
                0x100071b0                dma_channel_unclaim
 .text.dma_claim_unused_channel
                0x100071c4       0x24 CMakeFiles/blink.dir/home/tyler/ece6785/pico-sdk/src/rp2_common/hardware_dma/dma.c.o
                0x100071c4                dma_claim_unused_channel
 .text.dma_channel_cleanup
                0x100071e8       0x64 CMakeFiles/blink.dir/home/tyler/ece6785/pico-sdk/src/rp2_common/hardware_dma/dma.c.o
                0x100071e8                dma_channel_cleanup
 .text.cyw43_sleep_timeout_reached
                0x1000724c       0x10 CMakeFiles/blink.dir/home/tyler/ece6785/pico-sdk/src/rp2_common/pico_cyw43_driver/cyw43_driver.c.o
 .text.cyw43_irq_init
                0x1000725c       0x28 CMakeFiles/blink.dir/home/tyler/ece6785/pico-sdk/src/rp2_common/pico_cyw43_driver/cyw43_driver.c.o
                0x1000725c                cyw43_irq_init
 .text.cyw43_irq_deinit
                0x10007284       0x20 CMakeFiles/blink.dir/home/tyler/ece6785/pico-sdk/src/rp2_common/pico_cyw43_driver/cyw43_driver.c.o
                0x10007284                cyw43_irq_deinit
 .text.cyw43_gpio_irq_handler
                0x100072a4       0x44 CMakeFiles/blink.dir/home/tyler/ece6785/pico-sdk/src/rp2_common/pico_cyw43_driver/cyw43_driver.c.o
 .text.cyw43_do_poll
                0x100072e8       0x70 CMakeFiles/blink.dir/home/tyler/ece6785/pico-sdk/src/rp2_common/pico_cyw43_driver/cyw43_driver.c.o
 .text.cyw43_post_poll_hook
                0x10007358       0x10 CMakeFiles/blink.dir/home/tyler/ece6785/pico-sdk/src/rp2_common/pico_cyw43_driver/cyw43_driver.c.o
                0x10007358                cyw43_post_poll_hook
 .text.cyw43_schedule_internal_poll_dispatch
                0x10007368       0x18 CMakeFiles/blink.dir/home/tyler/ece6785/pico-sdk/src/rp2_common/pico_cyw43_driver/cyw43_driver.c.o
                0x10007368                cyw43_schedule_internal_poll_dispatch
 .text.cyw43_driver_init
                0x10007380       0x38 CMakeFiles/blink.dir/home/tyler/ece6785/pico-sdk/src/rp2_common/pico_cyw43_driver/cyw43_driver.c.o
                0x10007380                cyw43_driver_init
 .text.cyw43_driver_deinit
                0x100073b8       0x4c CMakeFiles/blink.dir/home/tyler/ece6785/pico-sdk/src/rp2_common/pico_cyw43_driver/cyw43_driver.c.o
                0x100073b8                cyw43_driver_deinit
 .text.cyw43_hal_generate_laa_mac
                0x10007404       0x28 CMakeFiles/blink.dir/home/tyler/ece6785/pico-sdk/src/rp2_common/pico_cyw43_driver/cyw43_driver.c.o
                0x10007404                cyw43_hal_generate_laa_mac
 .text.cyw43_thread_enter
                0x1000742c       0x14 CMakeFiles/blink.dir/home/tyler/ece6785/pico-sdk/src/rp2_common/pico_cyw43_driver/cyw43_driver.c.o
                0x1000742c                cyw43_thread_enter
 .text.cyw43_thread_exit
                0x10007440       0x14 CMakeFiles/blink.dir/home/tyler/ece6785/pico-sdk/src/rp2_common/pico_cyw43_driver/cyw43_driver.c.o
                0x10007440                cyw43_thread_exit
 .text.cyw43_await_background_or_timeout_us
                0x10007454       0x64 CMakeFiles/blink.dir/home/tyler/ece6785/pico-sdk/src/rp2_common/pico_cyw43_driver/cyw43_driver.c.o
                0x10007454                cyw43_await_background_or_timeout_us
 .text.cyw43_delay_ms
                0x100074b8       0x48 CMakeFiles/blink.dir/home/tyler/ece6785/pico-sdk/src/rp2_common/pico_cyw43_driver/cyw43_driver.c.o
                0x100074b8                cyw43_delay_ms
 .text.cyw43_cb_tcpip_deinit
                0x10007500        0x4 CMakeFiles/blink.dir/home/tyler/ece6785/pico-sdk/src/rp2_common/pico_cyw43_driver/cyw43_driver.c.o
                0x10007500                cyw43_cb_tcpip_deinit
 .text.cyw43_cb_tcpip_set_link_up
                0x10007504        0xc CMakeFiles/blink.dir/home/tyler/ece6785/pico-sdk/src/rp2_common/pico_cyw43_driver/cyw43_driver.c.o
                0x10007504                cyw43_cb_tcpip_set_link_up
 .text.cyw43_cb_tcpip_set_link_down
                0x10007510        0xc CMakeFiles/blink.dir/home/tyler/ece6785/pico-sdk/src/rp2_common/pico_cyw43_driver/cyw43_driver.c.o
                0x10007510                cyw43_cb_tcpip_set_link_down
 .text.cyw43_cb_process_ethernet
                0x1000751c        0xc CMakeFiles/blink.dir/home/tyler/ece6785/pico-sdk/src/rp2_common/pico_cyw43_driver/cyw43_driver.c.o
                0x1000751c                cyw43_cb_process_ethernet
 .text.async_context_threadsafe_background_acquire_lock_blocking
                0x10007528        0xc CMakeFiles/blink.dir/home/tyler/ece6785/pico-sdk/src/rp2_common/pico_async_context/async_context_threadsafe_background.c.o
 .text.alarm_handler
                0x10007534       0x20 CMakeFiles/blink.dir/home/tyler/ece6785/pico-sdk/src/rp2_common/pico_async_context/async_context_threadsafe_background.c.o
 .text.async_context_threadsafe_background_set_work_pending
                0x10007554       0x1c CMakeFiles/blink.dir/home/tyler/ece6785/pico-sdk/src/rp2_common/pico_async_context/async_context_threadsafe_background.c.o
 .text.process_under_lock
                0x10007570       0xcc CMakeFiles/blink.dir/home/tyler/ece6785/pico-sdk/src/rp2_common/pico_async_context/async_context_threadsafe_background.c.o
 .text.async_context_threadsafe_background_execute_sync
                0x1000763c       0x30 CMakeFiles/blink.dir/home/tyler/ece6785/pico-sdk/src/rp2_common/pico_async_context/async_context_threadsafe_background.c.o
                0x1000763c                async_context_threadsafe_background_execute_sync
 .text.async_context_threadsafe_background_deinit
                0x1000766c       0x54 CMakeFiles/blink.dir/home/tyler/ece6785/pico-sdk/src/rp2_common/pico_async_context/async_context_threadsafe_background.c.o
 .text.low_priority_irq_handler
                0x100076c0       0x3c CMakeFiles/blink.dir/home/tyler/ece6785/pico-sdk/src/rp2_common/pico_async_context/async_context_threadsafe_background.c.o
 .text.async_context_threadsafe_background_wait_for_work_until
                0x100076fc        0xc CMakeFiles/blink.dir/home/tyler/ece6785/pico-sdk/src/rp2_common/pico_async_context/async_context_threadsafe_background.c.o
 .text.async_context_threadsafe_background_wait_until
                0x10007708       0x1c CMakeFiles/blink.dir/home/tyler/ece6785/pico-sdk/src/rp2_common/pico_async_context/async_context_threadsafe_background.c.o
 .text.async_context_threadsafe_background_lock_check
                0x10007724       0x28 CMakeFiles/blink.dir/home/tyler/ece6785/pico-sdk/src/rp2_common/pico_async_context/async_context_threadsafe_background.c.o
 .text.async_context_threadsafe_background_release_lock
                0x1000774c       0x1c CMakeFiles/blink.dir/home/tyler/ece6785/pico-sdk/src/rp2_common/pico_async_context/async_context_threadsafe_background.c.o
 .text.async_context_threadsafe_background_add_at_time_worker
                0x10007768       0x34 CMakeFiles/blink.dir/home/tyler/ece6785/pico-sdk/src/rp2_common/pico_async_context/async_context_threadsafe_background.c.o
 .text.async_context_threadsafe_background_remove_at_time_worker
                0x1000779c       0x34 CMakeFiles/blink.dir/home/tyler/ece6785/pico-sdk/src/rp2_common/pico_async_context/async_context_threadsafe_background.c.o
 .text.async_context_threadsafe_background_add_when_pending_worker
                0x100077d0       0x34 CMakeFiles/blink.dir/home/tyler/ece6785/pico-sdk/src/rp2_common/pico_async_context/async_context_threadsafe_background.c.o
 .text.async_context_threadsafe_background_when_pending_worker
                0x10007804       0x34 CMakeFiles/blink.dir/home/tyler/ece6785/pico-sdk/src/rp2_common/pico_async_context/async_context_threadsafe_background.c.o
 .text.async_context_threadsafe_background_default_config
                0x10007838        0xc CMakeFiles/blink.dir/home/tyler/ece6785/pico-sdk/src/rp2_common/pico_async_context/async_context_threadsafe_background.c.o
                0x10007838                async_context_threadsafe_background_default_config
 .text.async_context_threadsafe_background_init
                0x10007844       0x8c CMakeFiles/blink.dir/home/tyler/ece6785/pico-sdk/src/rp2_common/pico_async_context/async_context_threadsafe_background.c.o
                0x10007844                async_context_threadsafe_background_init
 .text.async_context_base_add_at_time_worker
                0x100078d0       0x24 CMakeFiles/blink.dir/home/tyler/ece6785/pico-sdk/src/rp2_common/pico_async_context/async_context_base.c.o
                0x100078d0                async_context_base_add_at_time_worker
 .text.async_context_base_remove_at_time_worker
                0x100078f4       0x28 CMakeFiles/blink.dir/home/tyler/ece6785/pico-sdk/src/rp2_common/pico_async_context/async_context_base.c.o
                0x100078f4                async_context_base_remove_at_time_worker
 .text.async_context_base_add_when_pending_worker
                0x1000791c       0x24 CMakeFiles/blink.dir/home/tyler/ece6785/pico-sdk/src/rp2_common/pico_async_context/async_context_base.c.o
                0x1000791c                async_context_base_add_when_pending_worker
 .text.async_context_base_remove_when_pending_worker
                0x10007940       0x28 CMakeFiles/blink.dir/home/tyler/ece6785/pico-sdk/src/rp2_common/pico_async_context/async_context_base.c.o
                0x10007940                async_context_base_remove_when_pending_worker
 .text.async_context_base_execute_once
                0x10007968      0x108 CMakeFiles/blink.dir/home/tyler/ece6785/pico-sdk/src/rp2_common/pico_async_context/async_context_base.c.o
                0x10007968                async_context_base_execute_once
 .text          0x10007a70       0x74 /usr/lib/gcc/arm-none-eabi/13.2.1/../../../arm-none-eabi/lib/thumb/v6-m/nofp/libg.a(libc_a-strncmp.o)
                0x10007a70                strncmp
 .text          0x10007ae4       0xb0 /usr/lib/gcc/arm-none-eabi/13.2.1/../../../arm-none-eabi/lib/thumb/v6-m/nofp/libg.a(libc_a-memmove.o)
                0x10007ae4                memmove
 .text          0x10007b94       0x10 /usr/lib/gcc/arm-none-eabi/13.2.1/../../../arm-none-eabi/lib/thumb/v6-m/nofp/libg.a(libc_a-atexit.o)
                0x10007b94                atexit
 .text          0x10007ba4       0x5c /usr/lib/gcc/arm-none-eabi/13.2.1/../../../arm-none-eabi/lib/thumb/v6-m/nofp/libg.a(libc_a-strlen-stub.o)
                0x10007ba4                strlen
 .text          0x10007c00       0x28 /usr/lib/gcc/arm-none-eabi/13.2.1/../../../arm-none-eabi/lib/thumb/v6-m/nofp/libg.a(libc_a-fini.o)
                0x10007c00                __libc_fini_array
 .text          0x10007c28       0x78 /usr/lib/gcc/arm-none-eabi/13.2.1/../../../arm-none-eabi/lib/thumb/v6-m/nofp/libg.a(libc_a-__atexit.o)
                0x10007c28                __register_exitproc
 .text.startup  0x10007ca0       0x18 /usr/lib/gcc/arm-none-eabi/13.2.1/../../../arm-none-eabi/lib/thumb/v6-m/nofp/libg.a(libc_a-__call_atexit.o)
 *(.fini)
 .fini          0x10007cb8        0x4 /usr/lib/gcc/arm-none-eabi/13.2.1/thumb/v6-m/nofp/crti.o
                0x10007cb8                _fini
 *fill*         0x10007cbc        0x4 
 .fini.__stub   0x10007cc0       0xa0 linker stubs
 *crtbegin.o(.ctors)
 *crtbegin?.o(.ctors)
 *(EXCLUDE_FILE(*crtend.o *crtend?.o) .ctors)
 *(SORT_BY_NAME(.ctors.*))
 *(.ctors)
 *crtbegin.o(.dtors)
 *crtbegin?.o(.dtors)
 *(EXCLUDE_FILE(*crtend.o *crtend?.o) .dtors)
 *(SORT_BY_NAME(.dtors.*))
 *(.dtors)
                0x10007d60                        . = ALIGN (0x4)
                0x10007d60                        PROVIDE (__preinit_array_start = .)
 *(SORT_BY_NAME(.preinit_array.*))
 .preinit_array.00100
                0x10007d60        0x4 CMakeFiles/blink.dir/home/tyler/ece6785/pico-sdk/src/rp2_common/pico_runtime_init/runtime_init.c.o
                0x10007d60                __pre_init_runtime_init_early_resets
 .preinit_array.00101
                0x10007d64        0x4 CMakeFiles/blink.dir/home/tyler/ece6785/pico-sdk/src/rp2_common/pico_runtime_init/runtime_init.c.o
                0x10007d64                __pre_init_runtime_init_usb_power_down
 .preinit_array.00275
                0x10007d68        0x4 CMakeFiles/blink.dir/home/tyler/ece6785/pico-sdk/src/rp2_common/pico_bit_ops/bit_ops_aeabi.S.o
 .preinit_array.00300
                0x10007d6c        0x4 CMakeFiles/blink.dir/home/tyler/ece6785/pico-sdk/src/rp2_common/pico_mem_ops/mem_ops_aeabi.S.o
 .preinit_array.00350
                0x10007d70        0x4 CMakeFiles/blink.dir/home/tyler/ece6785/pico-sdk/src/rp2_common/pico_double/double_aeabi_rp2040.S.o
 .preinit_array.00350
                0x10007d74        0x4 CMakeFiles/blink.dir/home/tyler/ece6785/pico-sdk/src/rp2_common/pico_float/float_aeabi_rp2040.S.o
 .preinit_array.00500
                0x10007d78        0x4 CMakeFiles/blink.dir/home/tyler/ece6785/pico-sdk/src/rp2_common/pico_runtime_init/runtime_init.c.o
                0x10007d78                __pre_init_runtime_init_clocks
 .preinit_array.00600
                0x10007d7c        0x4 CMakeFiles/blink.dir/home/tyler/ece6785/pico-sdk/src/rp2_common/pico_runtime_init/runtime_init.c.o
                0x10007d7c                __pre_init_runtime_init_post_clock_resets
 .preinit_array.00700
                0x10007d80        0x4 CMakeFiles/blink.dir/home/tyler/ece6785/pico-sdk/src/rp2_common/pico_runtime_init/runtime_init.c.o
                0x10007d80                __pre_init_runtime_init_rp2040_gpio_ie_disable
 .preinit_array.01000
                0x10007d84        0x4 CMakeFiles/blink.dir/home/tyler/ece6785/pico-sdk/src/rp2_common/pico_runtime_init/runtime_init.c.o
                0x10007d84                __pre_init_runtime_init_spin_locks_reset
 .preinit_array.01100
                0x10007d88        0x4 CMakeFiles/blink.dir/home/tyler/ece6785/pico-sdk/src/common/pico_sync/mutex.c.o
                0x10007d88                __pre_init_runtime_init_mutex
 .preinit_array.10080
                0x10007d8c        0x4 CMakeFiles/blink.dir/home/tyler/ece6785/pico-sdk/src/rp2_common/pico_runtime_init/runtime_init.c.o
                0x10007d8c                __pre_init_runtime_init_install_ram_vector_table
 .preinit_array.11000
                0x10007d90        0x4 CMakeFiles/blink.dir/home/tyler/ece6785/pico-sdk/src/common/pico_time/time.c.o
                0x10007d90                __pre_init_runtime_init_default_alarm_pool
 .preinit_array.YYYYY
                0x10007d94        0x4 CMakeFiles/blink.dir/home/tyler/ece6785/pico-sdk/src/rp2_common/pico_runtime/runtime.c.o
                0x10007d94                __pre_init_first_per_core_initializer
 .preinit_array.ZZZZZ.01200
                0x10007d98        0x4 CMakeFiles/blink.dir/home/tyler/ece6785/pico-sdk/src/rp2_common/hardware_irq/irq.c.o
                0x10007d98                __pre_init_runtime_init_per_core_irq_priorities
 *(.preinit_array)
                0x10007d9c                        PROVIDE (__preinit_array_end = .)
                0x10007d9c                        . = ALIGN (0x4)
                0x10007d9c                        PROVIDE (__init_array_start = .)
 *(SORT_BY_NAME(.init_array.*))
 .init_array.00000
                0x10007d9c        0x4 /usr/lib/gcc/arm-none-eabi/13.2.1/../../../arm-none-eabi/lib/thumb/v6-m/nofp/libg.a(libc_a-__call_atexit.o)
 .init_array.01000
                0x10007da0        0x4 CMakeFiles/blink.dir/home/tyler/ece6785/pico-sdk/src/rp2_common/pico_unique_id/unique_id.c.o
 *(.init_array)
 .init_array    0x10007da4        0x4 /usr/lib/gcc/arm-none-eabi/13.2.1/thumb/v6-m/nofp/crtbegin.o
                0x10007da8                        PROVIDE (__init_array_end = .)
                0x10007da8                        . = ALIGN (0x4)
                0x10007da8                        PROVIDE (__fini_array_start = .)
 *(SORT_BY_NAME(.fini_array.*))
 *(.fini_array)
                0x10007da8                        PROVIDE (__fini_array_end = .)
 *(.eh_frame*)
 .eh_frame      0x10007da8        0x0 /usr/lib/gcc/arm-none-eabi/13.2.1/thumb/v6-m/nofp/crtbegin.o
                0x10007da8                        . = ALIGN (0x4)

.glue_7         0x10007da8        0x0
 .glue_7        0x10007da8        0x0 linker stubs

.glue_7t        0x10007da8        0x0
 .glue_7t       0x10007da8        0x0 linker stubs

.vfp11_veneer   0x10007da8        0x0
 .vfp11_veneer  0x10007da8        0x0 linker stubs

.v4_bx          0x10007da8        0x0
 .v4_bx         0x10007da8        0x0 linker stubs

.iplt           0x10007da8        0x0
 .iplt          0x10007da8        0x0 /usr/lib/gcc/arm-none-eabi/13.2.1/thumb/v6-m/nofp/crtbegin.o

.rodata         0x10007da8    0x37c80
 *(EXCLUDE_FILE(*libm.a: *libc.a:*lib_a-mem*.o *libgcc.a:) .rodata*)
 .rodata.panic.str1.4
                0x10007da8      0x488 CMakeFiles/blink.dir/home/tyler/ece6785/pico-sdk/src/rp2_common/pico_platform_panic/panic.c.o
                                 0x12 (size before relaxing)
 .rodata.user_irq_claim_unused.str1.4
                0x10008230       0x1b CMakeFiles/blink.dir/home/tyler/ece6785/pico-sdk/src/rp2_common/hardware_irq/irq.c.o
 .rodata.at_the_end_of_time
                0x10008230        0x8 CMakeFiles/blink.dir/home/tyler/ece6785/pico-sdk/src/common/pico_time/time.c.o
                0x10008230                at_the_end_of_time
 .rodata.timer_hardware_alarm_claim.str1.4
                0x10008238       0x22 CMakeFiles/blink.dir/home/tyler/ece6785/pico-sdk/src/rp2_common/hardware_timer/timer.c.o
 .rodata.hard_assertion_failure.str1.4
                0x10008238        0xc CMakeFiles/blink.dir/home/tyler/ece6785/pico-sdk/src/rp2_common/pico_runtime/runtime.c.o
 .rodata.missing_double_func_shim.str1.4
                0x10008238       0x18 CMakeFiles/blink.dir/home/tyler/ece6785/pico-sdk/src/rp2_common/pico_double/double_init_rom_rp2040.c.o
 .rodata.missing_float_func_shim.str1.4
                0x10008238        0x1 CMakeFiles/blink.dir/home/tyler/ece6785/pico-sdk/src/rp2_common/pico_float/float_init_rom_rp2040.c.o
 .rodata.str1.4
                0x10008238       0x3c CMakeFiles/blink.dir/home/tyler/ece6785/pico-sdk/src/rp2_common/pico_standard_binary_info/standard_binary_info.c.o
 .rodata.__bi_84
                0x10008238        0xc CMakeFiles/blink.dir/home/tyler/ece6785/pico-sdk/src/rp2_common/pico_standard_binary_info/standard_binary_info.c.o
 .rodata.__bi_78
                0x10008244        0xc CMakeFiles/blink.dir/home/tyler/ece6785/pico-sdk/src/rp2_common/pico_standard_binary_info/standard_binary_info.c.o
 .rodata.__bi_54
                0x10008250        0xc CMakeFiles/blink.dir/home/tyler/ece6785/pico-sdk/src/rp2_common/pico_standard_binary_info/standard_binary_info.c.o
 .rodata.__bi_48
                0x1000825c        0xc CMakeFiles/blink.dir/home/tyler/ece6785/pico-sdk/src/rp2_common/pico_standard_binary_info/standard_binary_info.c.o
 .rodata.__bi_42
                0x10008268        0xc CMakeFiles/blink.dir/home/tyler/ece6785/pico-sdk/src/rp2_common/pico_standard_binary_info/standard_binary_info.c.o
 .rodata.__bi_34
                0x10008274        0xc CMakeFiles/blink.dir/home/tyler/ece6785/pico-sdk/src/rp2_common/pico_standard_binary_info/standard_binary_info.c.o
 .rodata.__bi_26
                0x10008280        0xc CMakeFiles/blink.dir/home/tyler/ece6785/pico-sdk/src/rp2_common/pico_standard_binary_info/standard_binary_info.c.o
 .rodata._ftoa.str1.4
                0x1000828c       0x15 CMakeFiles/blink.dir/home/tyler/ece6785/pico-sdk/src/rp2_common/pico_printf/printf.c.o
 .rodata._vsnprintf
                0x1000828c      0x19c CMakeFiles/blink.dir/home/tyler/ece6785/pico-sdk/src/rp2_common/pico_printf/printf.c.o
 .rodata.pow10.0
                0x10008428       0x50 CMakeFiles/blink.dir/home/tyler/ece6785/pico-sdk/src/rp2_common/pico_printf/printf.c.o
 .rodata.crlf_str.0
                0x10008478        0x2 CMakeFiles/blink.dir/home/tyler/ece6785/pico-sdk/src/rp2_common/pico_stdio/stdio.c.o
 .rodata.cyw43_read_bytes.str1.4
                0x1000847a       0x1a CMakeFiles/blink.dir/home/tyler/ece6785/pico-sdk/src/rp2_common/pico_cyw43_driver/cyw43_bus_pio_spi.c.o
 .rodata.cyw43_write_bytes.str1.4
                0x1000847a        0xd CMakeFiles/blink.dir/home/tyler/ece6785/pico-sdk/src/rp2_common/pico_cyw43_driver/cyw43_bus_pio_spi.c.o
 *fill*         0x1000847a        0x2 
 .rodata.spi_gap01_sample0_program
                0x1000847c        0x8 CMakeFiles/blink.dir/home/tyler/ece6785/pico-sdk/src/rp2_common/pico_cyw43_driver/cyw43_bus_pio_spi.c.o
 .rodata.spi_gap01_sample0_program_instructions
                0x10008484        0xc CMakeFiles/blink.dir/home/tyler/ece6785/pico-sdk/src/rp2_common/pico_cyw43_driver/cyw43_bus_pio_spi.c.o
 .rodata.cyw43_kso_set.str1.4
                0x10008490       0x23 CMakeFiles/blink.dir/home/tyler/ece6785/pico-sdk/lib/cyw43-driver/src/cyw43_ll.c.o
 .rodata.cyw43_ll_sdpcm_poll_device.str1.4
                0x10008490       0x55 CMakeFiles/blink.dir/home/tyler/ece6785/pico-sdk/lib/cyw43-driver/src/cyw43_ll.c.o
 .rodata.cyw43_sdpcm_send_common.str1.4
                0x10008490       0x22 CMakeFiles/blink.dir/home/tyler/ece6785/pico-sdk/lib/cyw43-driver/src/cyw43_ll.c.o
 .rodata.cyw43_do_ioctl.part.0.str1.4
                0x10008490       0x53 CMakeFiles/blink.dir/home/tyler/ece6785/pico-sdk/lib/cyw43-driver/src/cyw43_ll.c.o
 .rodata.reset_device_core.constprop.0.str1.4
                0x10008490       0x1a CMakeFiles/blink.dir/home/tyler/ece6785/pico-sdk/lib/cyw43-driver/src/cyw43_ll.c.o
 .rodata.cyw43_ll_wifi_on.str1.4
                0x10008490       0x52 CMakeFiles/blink.dir/home/tyler/ece6785/pico-sdk/lib/cyw43-driver/src/cyw43_ll.c.o
 .rodata.cyw43_ll_bus_init.str1.4
                0x10008490       0xea CMakeFiles/blink.dir/home/tyler/ece6785/pico-sdk/lib/cyw43-driver/src/cyw43_ll.c.o
 .rodata.cyw43_ll_gpio_set.str1.4
                0x10008490        0x8 CMakeFiles/blink.dir/home/tyler/ece6785/pico-sdk/lib/cyw43-driver/src/cyw43_ll.c.o
 .rodata.w43439A0_7_95_49_00_combined
                0x10008490    0x36fd8 CMakeFiles/blink.dir/home/tyler/ece6785/pico-sdk/lib/cyw43-driver/src/cyw43_ll.c.o
 .rodata.wifi_nvram_4343
                0x1003f468      0x2e7 CMakeFiles/blink.dir/home/tyler/ece6785/pico-sdk/lib/cyw43-driver/src/cyw43_ll.c.o
 *fill*         0x1003f74f        0x1 
 .rodata        0x1003f750       0x72 CMakeFiles/blink.dir/home/tyler/ece6785/pico-sdk/lib/cyw43-driver/src/cyw43_ll.c.o
 .rodata.cyw43_cb_process_async_event.str1.4
                0x1003f7c2       0x28 CMakeFiles/blink.dir/home/tyler/ece6785/pico-sdk/lib/cyw43-driver/src/cyw43_ctrl.c.o
 *fill*         0x1003f7c2        0x2 
 .rodata.cyw43_cb_process_async_event
                0x1003f7c4       0xc8 CMakeFiles/blink.dir/home/tyler/ece6785/pico-sdk/lib/cyw43-driver/src/cyw43_ctrl.c.o
 .rodata.str1.4
                0x1003f88c       0x9e CMakeFiles/blink.dir/home/tyler/ece6785/pico-sdk/lib/cyw43-driver/src/cyw43_ctrl.c.o
 .rodata.cyw43_async_event_name_table
                0x1003f88c      0x164 CMakeFiles/blink.dir/home/tyler/ece6785/pico-sdk/lib/cyw43-driver/src/cyw43_ctrl.c.o
 .rodata.pio_claim_unused_sm.str1.4
                0x1003f9f0       0x24 CMakeFiles/blink.dir/home/tyler/ece6785/pico-sdk/src/rp2_common/hardware_pio/pio.c.o
 .rodata.dma_claim_unused_channel.str1.4
                0x1003f9f0       0x1e CMakeFiles/blink.dir/home/tyler/ece6785/pico-sdk/src/rp2_common/hardware_dma/dma.c.o
 .rodata.cyw43_cb_tcpip_set_link_up.str1.4
                0x1003f9f0       0x20 CMakeFiles/blink.dir/home/tyler/ece6785/pico-sdk/src/rp2_common/pico_cyw43_driver/cyw43_driver.c.o
 .rodata.async_context_threadsafe_background_lock_check.str1.4
                0x1003f9f0       0x20 CMakeFiles/blink.dir/home/tyler/ece6785/pico-sdk/src/rp2_common/pico_async_context/async_context_threadsafe_background.c.o
 .rodata.template
                0x1003f9f0       0x38 CMakeFiles/blink.dir/home/tyler/ece6785/pico-sdk/src/rp2_common/pico_async_context/async_context_threadsafe_background.c.o
                0x1003fa28                        . = ALIGN (0x4)
 *(SORT_BY_ALIGNMENT(SORT_BY_NAME(.flashdata*)))
                0x1003fa28                        . = ALIGN (0x4)

.ARM.extab
 *(.ARM.extab* .gnu.linkonce.armextab.*)
                0x1003fa28                        __exidx_start = .

.ARM.exidx
 *(.ARM.exidx* .gnu.linkonce.armexidx.*)
                0x1003fa28                        __exidx_end = .
                0x1003fa28                        . = ALIGN (0x4)
                0x1003fa28                        __binary_info_start = .

.binary_info    0x1003fa28       0x1c
 *(.binary_info.keep.*)
 .binary_info.keep.__bi_ptr84
                0x1003fa28        0x4 CMakeFiles/blink.dir/home/tyler/ece6785/pico-sdk/src/rp2_common/pico_standard_binary_info/standard_binary_info.c.o
 .binary_info.keep.__bi_ptr78
                0x1003fa2c        0x4 CMakeFiles/blink.dir/home/tyler/ece6785/pico-sdk/src/rp2_common/pico_standard_binary_info/standard_binary_info.c.o
 .binary_info.keep.__bi_ptr54
                0x1003fa30        0x4 CMakeFiles/blink.dir/home/tyler/ece6785/pico-sdk/src/rp2_common/pico_standard_binary_info/standard_binary_info.c.o
 .binary_info.keep.__bi_ptr48
                0x1003fa34        0x4 CMakeFiles/blink.dir/home/tyler/ece6785/pico-sdk/src/rp2_common/pico_standard_binary_info/standard_binary_info.c.o
 .binary_info.keep.__bi_ptr42
                0x1003fa38        0x4 CMakeFiles/blink.dir/home/tyler/ece6785/pico-sdk/src/rp2_common/pico_standard_binary_info/standard_binary_info.c.o
 .binary_info.keep.__bi_ptr34
                0x1003fa3c        0x4 CMakeFiles/blink.dir/home/tyler/ece6785/pico-sdk/src/rp2_common/pico_standard_binary_info/standard_binary_info.c.o
 .binary_info.keep.__bi_ptr26
                0x1003fa40        0x4 CMakeFiles/blink.dir/home/tyler/ece6785/pico-sdk/src/rp2_common/pico_standard_binary_info/standard_binary_info.c.o
 *(.binary_info.*)
                0x1003fa44                        __binary_info_end = .
                0x1003fa44                        . = ALIGN (0x4)

.ram_vector_table
                0x20000000       0xc0
 *(.ram_vector_table)
 .ram_vector_table
                0x20000000       0xc0 CMakeFiles/blink.dir/home/tyler/ece6785/pico-sdk/src/rp2_common/pico_runtime_init/runtime_init.c.o
                0x20000000                ram_vector_table

.uninitialized_data
                0x200000c0        0x0
                0x200000c0                        . = ALIGN (0x4)
 *(.uninitialized_data*)

.data           0x200000c0      0x4b0 load address 0x1003fa44
                0x200000c0                        __data_start__ = .
 *(vtable)
 *(.time_critical*)
 .time_critical.sem_acquire_block_until
                0x200000c0       0x68 CMakeFiles/blink.dir/home/tyler/ece6785/pico-sdk/src/common/pico_sync/sem.c.o
                0x200000c0                sem_acquire_block_until
 .time_critical.sem_release
                0x20000128       0x4c CMakeFiles/blink.dir/home/tyler/ece6785/pico-sdk/src/common/pico_sync/sem.c.o
                0x20000128                sem_release
 .time_critical.recursive_mutex_enter_blocking
                0x20000174       0x50 CMakeFiles/blink.dir/home/tyler/ece6785/pico-sdk/src/common/pico_sync/mutex.c.o
                0x20000174                recursive_mutex_enter_blocking
 .time_critical.mutex_try_enter_block_until
                0x200001c4       0x9c CMakeFiles/blink.dir/home/tyler/ece6785/pico-sdk/src/common/pico_sync/mutex.c.o
                0x200001c4                mutex_try_enter_block_until
 .time_critical.recursive_mutex_try_enter
                0x20000260       0x50 CMakeFiles/blink.dir/home/tyler/ece6785/pico-sdk/src/common/pico_sync/mutex.c.o
                0x20000260                recursive_mutex_try_enter
 .time_critical.mutex_exit
                0x200002b0       0x28 CMakeFiles/blink.dir/home/tyler/ece6785/pico-sdk/src/common/pico_sync/mutex.c.o
                0x200002b0                mutex_exit
 .time_critical.recursive_mutex_exit
                0x200002d8       0x44 CMakeFiles/blink.dir/home/tyler/ece6785/pico-sdk/src/common/pico_sync/mutex.c.o
                0x200002d8                recursive_mutex_exit
 .time_critical.flash_init_boot2_copyout
                0x2000031c       0x30 CMakeFiles/blink.dir/home/tyler/ece6785/pico-sdk/src/rp2_common/hardware_flash/flash.c.o
 .time_critical.flash_enable_xip_via_boot2
                0x2000034c        0xc CMakeFiles/blink.dir/home/tyler/ece6785/pico-sdk/src/rp2_common/hardware_flash/flash.c.o
 .time_critical.flash_save_hardware_state
                0x20000358       0x20 CMakeFiles/blink.dir/home/tyler/ece6785/pico-sdk/src/rp2_common/hardware_flash/flash.c.o
 .time_critical.flash_restore_hardware_state
                0x20000378       0x20 CMakeFiles/blink.dir/home/tyler/ece6785/pico-sdk/src/rp2_common/hardware_flash/flash.c.o
 .time_critical.flash_cs_force
                0x20000398       0x38 CMakeFiles/blink.dir/home/tyler/ece6785/pico-sdk/src/rp2_common/hardware_flash/flash.c.o
 .time_critical.flash_do_cmd
                0x200003d0       0xd0 CMakeFiles/blink.dir/home/tyler/ece6785/pico-sdk/src/rp2_common/hardware_flash/flash.c.o
                0x200003d0                flash_do_cmd
 *(.text*)
 .text          0x200004a0        0x4 /usr/lib/gcc/arm-none-eabi/13.2.1/thumb/v6-m/nofp/libgcc.a(_dvmd_tls.o)
                0x200004a0                __aeabi_ldiv0
                0x200004a0                __aeabi_idiv0
 *fill*         0x200004a4        0x4 
 .text.__stub   0x200004a8       0x10 linker stubs
                0x200004b8                        . = ALIGN (0x4)
 *(.rodata*)
                0x200004b8                        . = ALIGN (0x4)
 *(.data*)
 .data.striped_spin_lock_num
                0x200004b8        0x1 CMakeFiles/blink.dir/home/tyler/ece6785/pico-sdk/src/rp2_common/hardware_sync/sync.c.o
 *fill*         0x200004b9        0x3 
 .data          0x200004bc       0x48 CMakeFiles/blink.dir/home/tyler/ece6785/pico-sdk/src/rp2_common/hardware_irq/irq_handler_chain.S.o
                0x200004bc                irq_handler_chain_slots
                0x200004ec                irq_handler_chain_first_slot
                0x200004f6                irq_handler_chain_remove_tail
 .data.default_alarm_pool
                0x20000504       0x18 CMakeFiles/blink.dir/home/tyler/ece6785/pico-sdk/src/common/pico_time/time.c.o
 *fill*         0x2000051c        0x4 
 .data.aeabi_bits_funcs
                0x20000520       0x10 CMakeFiles/blink.dir/home/tyler/ece6785/pico-sdk/src/rp2_common/pico_bit_ops/bit_ops_aeabi.S.o
                0x20000520                aeabi_bits_funcs
                0x20000530                aeabi_bits_funcs_end
 .data.aeabi_mem_funcs
                0x20000530       0x10 CMakeFiles/blink.dir/home/tyler/ece6785/pico-sdk/src/rp2_common/pico_mem_ops/mem_ops_aeabi.S.o
                0x20000530                aeabi_mem_funcs
                0x20000540                aeabi_mem_funcs_end
 .data.cyw43_poll_worker
                0x20000540       0x10 CMakeFiles/blink.dir/home/tyler/ece6785/pico-sdk/src/rp2_common/pico_cyw43_driver/cyw43_driver.c.o
 .data.sleep_timeout_worker
                0x20000550       0x18 CMakeFiles/blink.dir/home/tyler/ece6785/pico-sdk/src/rp2_common/pico_cyw43_driver/cyw43_driver.c.o
                0x20000568                        . = ALIGN (0x4)
 *(.after_data.*)
                0x20000568                        . = ALIGN (0x4)
                0x20000568                        PROVIDE (__mutex_array_start = .)
 *(SORT_BY_NAME(.mutex_array.*))
 *(.mutex_array)
 .mutex_array   0x20000568        0x8 CMakeFiles/blink.dir/home/tyler/ece6785/pico-sdk/src/rp2_common/pico_stdio/stdio.c.o
                0x20000570                        PROVIDE (__mutex_array_end = .)
                0x20000570                        . = ALIGN (0x4)
 *(.jcr)
                0x20000570                        . = ALIGN (0x4)

.tm_clone_table
                0x20000570        0x0 load address 0x1003fef4
 .tm_clone_table
                0x20000570        0x0 /usr/lib/gcc/arm-none-eabi/13.2.1/thumb/v6-m/nofp/crtbegin.o
 .tm_clone_table
                0x20000570        0x0 /usr/lib/gcc/arm-none-eabi/13.2.1/thumb/v6-m/nofp/crtend.o

.igot.plt       0x20000570        0x0 load address 0x1003fef4
 .igot.plt      0x20000570        0x0 /usr/lib/gcc/arm-none-eabi/13.2.1/thumb/v6-m/nofp/crtbegin.o

.tdata          0x20000570        0x0 load address 0x1003fef4
                0x20000570                        . = ALIGN (0x4)
 *(.tdata .tdata.* .gnu.linkonce.td.*)
                0x20000570                        __tdata_end = .
                0x20000570                        PROVIDE (__data_end__ = .)
                0x1003fa44                        __etext = LOADADDR (.data)

.tbss           0x20000570        0x0 load address 0x1003fef4
                0x20000570                        . = ALIGN (0x4)
                0x20000570                        __bss_start__ = .
                0x20000570                        __tls_base = .
 *(.tbss .tbss.* .gnu.linkonce.tb.*)
 *(.tcommon)
                0x20000570                        __tls_end = .

.bss            0x20000570     0x1000 load address 0x1003fef4
                0x20000570                        . = ALIGN (0x4)
                0x20000570                        __tbss_end = .
 *(SORT_BY_ALIGNMENT(SORT_BY_NAME(.bss*)))
 .bss.cyw43_async_context_threadsafe_background
                0x20000570       0x48 CMakeFiles/blink.dir/home/tyler/ece6785/pico-sdk/src/rp2_common/pico_cyw43_arch/cyw43_arch_threadsafe_background.c.o
 .bss.default_alarm_pool_entries
                0x200005b8      0x180 CMakeFiles/blink.dir/home/tyler/ece6785/pico-sdk/src/common/pico_time/time.c.o
 .bss.sd_table  0x20000738      0x100 CMakeFiles/blink.dir/home/tyler/ece6785/pico-sdk/src/rp2_common/pico_double/double_init_rom_rp2040.c.o
                0x20000738                sd_table
 .bss           0x20000838       0x1c /usr/lib/gcc/arm-none-eabi/13.2.1/thumb/v6-m/nofp/crtbegin.o
 .bss           0x20000854      0x190 /usr/lib/gcc/arm-none-eabi/13.2.1/../../../arm-none-eabi/lib/thumb/v6-m/nofp/libg.a(libc_a-__atexit.o)
                0x20000854                __atexit0
 .bss           0x200009e4        0x4 /usr/lib/gcc/arm-none-eabi/13.2.1/../../../arm-none-eabi/lib/thumb/v6-m/nofp/libg.a(libc_a-__call_atexit.o)
                0x200009e4                __atexit
 .bss._used_instruction_space
                0x200009e8        0x8 CMakeFiles/blink.dir/home/tyler/ece6785/pico-sdk/src/rp2_common/hardware_pio/pio.c.o
 .bss.async_context
                0x200009f0        0x4 CMakeFiles/blink.dir/home/tyler/ece6785/pico-sdk/src/rp2_common/pico_cyw43_arch/cyw43_arch.c.o
 .bss.async_contexts_by_user_irq
                0x200009f4       0x18 CMakeFiles/blink.dir/home/tyler/ece6785/pico-sdk/src/rp2_common/pico_async_context/async_context_threadsafe_background.c.o
 .bss.boot2_copyout
                0x20000a0c      0x100 CMakeFiles/blink.dir/home/tyler/ece6785/pico-sdk/src/rp2_common/hardware_flash/flash.c.o
 .bss.bus_data_instance
                0x20000b0c       0x10 CMakeFiles/blink.dir/home/tyler/ece6785/pico-sdk/src/rp2_common/pico_cyw43_driver/cyw43_bus_pio_spi.c.o
 .bss.claimed   0x20000b1c        0x1 CMakeFiles/blink.dir/home/tyler/ece6785/pico-sdk/src/rp2_common/hardware_timer/timer.c.o
 *fill*         0x20000b1d        0x3 
 .bss.claimed   0x20000b20        0x1 CMakeFiles/blink.dir/home/tyler/ece6785/pico-sdk/src/rp2_common/hardware_pio/pio.c.o
 *fill*         0x20000b21        0x3 
 .bss.configured_freq
                0x20000b24       0x28 CMakeFiles/blink.dir/home/tyler/ece6785/pico-sdk/src/rp2_common/hardware_clocks/clocks.c.o
 .bss.cyw43_async_context
                0x20000b4c        0x4 CMakeFiles/blink.dir/home/tyler/ece6785/pico-sdk/src/rp2_common/pico_cyw43_driver/cyw43_driver.c.o
 .bss.cyw43_poll
                0x20000b50        0x4 CMakeFiles/blink.dir/home/tyler/ece6785/pico-sdk/lib/cyw43-driver/src/cyw43_ctrl.c.o
                0x20000b50                cyw43_poll
 .bss.cyw43_sleep
                0x20000b54        0x4 CMakeFiles/blink.dir/home/tyler/ece6785/pico-sdk/lib/cyw43-driver/src/cyw43_ctrl.c.o
                0x20000b54                cyw43_sleep
 .bss.cyw43_state
                0x20000b58      0x8dc CMakeFiles/blink.dir/home/tyler/ece6785/pico-sdk/lib/cyw43-driver/src/cyw43_ctrl.c.o
                0x20000b58                cyw43_state
 .bss.drivers   0x20001434        0x4 CMakeFiles/blink.dir/home/tyler/ece6785/pico-sdk/src/rp2_common/pico_stdio/stdio.c.o
 .bss.filter    0x20001438        0x4 CMakeFiles/blink.dir/home/tyler/ece6785/pico-sdk/src/rp2_common/pico_stdio/stdio.c.o
 .bss.lazy_vsnprintf
                0x2000143c        0x4 CMakeFiles/blink.dir/home/tyler/ece6785/pico-sdk/src/rp2_common/pico_printf/printf.c.o
 .bss.pools     0x20001440       0x10 CMakeFiles/blink.dir/home/tyler/ece6785/pico-sdk/src/common/pico_time/time.c.o
 .bss.raw_irq_mask
                0x20001450        0x8 CMakeFiles/blink.dir/home/tyler/ece6785/pico-sdk/src/rp2_common/hardware_gpio/gpio.c.o
 .bss.retrieved_id
                0x20001458        0x8 CMakeFiles/blink.dir/home/tyler/ece6785/pico-sdk/src/rp2_common/pico_unique_id/unique_id.c.o
 .bss.sf_clz_func
                0x20001460        0x4 CMakeFiles/blink.dir/home/tyler/ece6785/pico-sdk/src/rp2_common/pico_double/double_init_rom_rp2040.c.o
                0x20001460                sf_clz_func
 .bss.sf_table  0x20001464      0x100 CMakeFiles/blink.dir/home/tyler/ece6785/pico-sdk/src/rp2_common/pico_float/float_init_rom_rp2040.c.o
                0x20001464                sf_table
 .bss.sleep_notifier
                0x20001564        0x4 CMakeFiles/blink.dir/home/tyler/ece6785/pico-sdk/src/common/pico_time/time.c.o
 .bss._claimed  0x20001568        0x2 CMakeFiles/blink.dir/home/tyler/ece6785/pico-sdk/src/rp2_common/hardware_dma/dma.c.o
 .bss.last_spi_int.0
                0x2000156a        0x2 CMakeFiles/blink.dir/home/tyler/ece6785/pico-sdk/lib/cyw43-driver/src/cyw43_ll.c.o
 .bss.boot2_copyout_valid
                0x2000156c        0x1 CMakeFiles/blink.dir/home/tyler/ece6785/pico-sdk/src/rp2_common/hardware_flash/flash.c.o
 .bss.irq_handler_chain_free_slot_head
                0x2000156d        0x1 CMakeFiles/blink.dir/home/tyler/ece6785/pico-sdk/src/rp2_common/hardware_irq/irq.c.o
 .bss.user_irq_claimed
                0x2000156e        0x1 CMakeFiles/blink.dir/home/tyler/ece6785/pico-sdk/src/rp2_common/hardware_irq/irq.c.o
 *(COMMON)
                0x20001570                        . = ALIGN (0x4)
 *fill*         0x2000156f        0x1 
                0x20001570                        __bss_end__ = .

.heap           0x20001570      0x800 load address 0x1003fef4
                0x20001570                        __end__ = .
                0x20001570                        end = __end__
 *(.heap*)
 .heap          0x20001570      0x800 CMakeFiles/blink.dir/home/tyler/ece6785/pico-sdk/src/rp2_common/pico_crt0/crt0.S.o
                0x20040000                        __HeapLimit = (ORIGIN (RAM) + LENGTH (RAM))

.scratch_x      0x20040000        0x0 load address 0x1003fef4
                0x20040000                        __scratch_x_start__ = .
 *(.scratch_x.*)
                0x20040000                        . = ALIGN (0x4)
                0x20040000                        __scratch_x_end__ = .
                0x1003fef4                        __scratch_x_source__ = LOADADDR (.scratch_x)

.scratch_y      0x20041000        0x0 load address 0x1003fef4
                0x20041000                        __scratch_y_start__ = .
 *(.scratch_y.*)
                0x20041000                        . = ALIGN (0x4)
                0x20041000                        __scratch_y_end__ = .
                0x1003fef4                        __scratch_y_source__ = LOADADDR (.scratch_y)

.stack1_dummy
 *(.stack1*)

.stack_dummy    0x20041000      0x800
 *(.stack*)
 .stack         0x20041000      0x800 CMakeFiles/blink.dir/home/tyler/ece6785/pico-sdk/src/rp2_common/pico_crt0/crt0.S.o

.rel.dyn        0x20041800        0x0
 .rel.iplt      0x20041800        0x0 /usr/lib/gcc/arm-none-eabi/13.2.1/thumb/v6-m/nofp/crtbegin.o

.flash_end      0x1003fef4        0x0
 *(.embedded_end_block*)
                0x1003fef4                        PROVIDE (__flash_binary_end = .)
                0x20040000                        __StackLimit = (ORIGIN (RAM) + LENGTH (RAM))
                0x20041000                        __StackOneTop = (ORIGIN (SCRATCH_X) + LENGTH (SCRATCH_X))
                0x20042000                        __StackTop = (ORIGIN (SCRATCH_Y) + LENGTH (SCRATCH_Y))
                0x20041000                        __StackOneBottom = (__StackOneTop - SIZEOF (.stack1_dummy))
                0x20041800                        __StackBottom = (__StackTop - SIZEOF (.stack_dummy))
                0x20042000                        PROVIDE (__stack = __StackTop)
                [!provide]                        PROVIDE (__heap_start = __end__)
                [!provide]                        PROVIDE (__heap_end = __HeapLimit)
                [!provide]                        PROVIDE (__tls_align = MAX (ALIGNOF (.tdata), ALIGNOF (.tbss)))
                [!provide]                        PROVIDE (__tls_size_align = (((__tls_size + __tls_align) - 0x1) & ~ ((__tls_align - 0x1))))
                [!provide]                        PROVIDE (__arm32_tls_tcb_offset = MAX (0x8, __tls_align))
                [!provide]                        PROVIDE (_end = __end__)
                [!provide]                        PROVIDE (__llvm_libc_heap_limit = __HeapLimit)
                0x00000001                        ASSERT ((__StackLimit >= __HeapLimit), region RAM overflowed)
                0x00000001                        ASSERT (((__binary_info_header_end - __logical_binary_start) <= 0x100), Binary info must be in first 256 bytes of the binary)
LOAD CMakeFiles/blink.dir/blink.c.o
LOAD CMakeFiles/blink.dir/home/tyler/ece6785/pico-sdk/src/rp2_common/pico_stdlib/stdlib.c.o
LOAD CMakeFiles/blink.dir/home/tyler/ece6785/pico-sdk/src/rp2_common/hardware_gpio/gpio.c.o
LOAD CMakeFiles/blink.dir/home/tyler/ece6785/pico-sdk/src/rp2040/pico_platform/platform.c.o
LOAD CMakeFiles/blink.dir/home/tyler/ece6785/pico-sdk/src/rp2_common/pico_platform_common/common.c.o
LOAD CMakeFiles/blink.dir/home/tyler/ece6785/pico-sdk/src/rp2_common/pico_platform_panic/panic.c.o
LOAD CMakeFiles/blink.dir/home/tyler/ece6785/pico-sdk/src/common/hardware_claim/claim.c.o
LOAD CMakeFiles/blink.dir/home/tyler/ece6785/pico-sdk/src/rp2_common/hardware_sync/sync.c.o
LOAD CMakeFiles/blink.dir/home/tyler/ece6785/pico-sdk/src/rp2_common/hardware_sync_spin_lock/sync_spin_lock.c.o
LOAD CMakeFiles/blink.dir/home/tyler/ece6785/pico-sdk/src/rp2_common/hardware_irq/irq.c.o
LOAD CMakeFiles/blink.dir/home/tyler/ece6785/pico-sdk/src/rp2_common/hardware_irq/irq_handler_chain.S.o
LOAD CMakeFiles/blink.dir/home/tyler/ece6785/pico-sdk/src/common/pico_sync/sem.c.o
LOAD CMakeFiles/blink.dir/home/tyler/ece6785/pico-sdk/src/common/pico_sync/lock_core.c.o
LOAD CMakeFiles/blink.dir/home/tyler/ece6785/pico-sdk/src/common/pico_sync/mutex.c.o
LOAD CMakeFiles/blink.dir/home/tyler/ece6785/pico-sdk/src/common/pico_sync/critical_section.c.o
LOAD CMakeFiles/blink.dir/home/tyler/ece6785/pico-sdk/src/common/pico_time/time.c.o
LOAD CMakeFiles/blink.dir/home/tyler/ece6785/pico-sdk/src/common/pico_time/timeout_helper.c.o
LOAD CMakeFiles/blink.dir/home/tyler/ece6785/pico-sdk/src/rp2_common/hardware_timer/timer.c.o
LOAD CMakeFiles/blink.dir/home/tyler/ece6785/pico-sdk/src/common/pico_util/datetime.c.o
LOAD CMakeFiles/blink.dir/home/tyler/ece6785/pico-sdk/src/common/pico_util/pheap.c.o
LOAD CMakeFiles/blink.dir/home/tyler/ece6785/pico-sdk/src/common/pico_util/queue.c.o
LOAD CMakeFiles/blink.dir/home/tyler/ece6785/pico-sdk/src/rp2_common/hardware_uart/uart.c.o
LOAD CMakeFiles/blink.dir/home/tyler/ece6785/pico-sdk/src/rp2_common/hardware_clocks/clocks.c.o
LOAD CMakeFiles/blink.dir/home/tyler/ece6785/pico-sdk/src/rp2_common/hardware_pll/pll.c.o
LOAD CMakeFiles/blink.dir/home/tyler/ece6785/pico-sdk/src/rp2_common/hardware_vreg/vreg.c.o
LOAD CMakeFiles/blink.dir/home/tyler/ece6785/pico-sdk/src/rp2_common/hardware_watchdog/watchdog.c.o
LOAD CMakeFiles/blink.dir/home/tyler/ece6785/pico-sdk/src/rp2_common/hardware_ticks/ticks.c.o
LOAD CMakeFiles/blink.dir/home/tyler/ece6785/pico-sdk/src/rp2_common/pico_bootrom/bootrom.c.o
LOAD CMakeFiles/blink.dir/home/tyler/ece6785/pico-sdk/src/rp2_common/pico_bootrom/bootrom_lock.c.o
LOAD CMakeFiles/blink.dir/home/tyler/ece6785/pico-sdk/src/rp2_common/hardware_boot_lock/boot_lock.c.o
LOAD CMakeFiles/blink.dir/home/tyler/ece6785/pico-sdk/src/rp2_common/pico_flash/flash.c.o
LOAD CMakeFiles/blink.dir/home/tyler/ece6785/pico-sdk/src/rp2_common/hardware_xosc/xosc.c.o
LOAD CMakeFiles/blink.dir/home/tyler/ece6785/pico-sdk/src/rp2_common/hardware_divider/divider.S.o
LOAD CMakeFiles/blink.dir/home/tyler/ece6785/pico-sdk/src/rp2_common/pico_runtime/runtime.c.o
LOAD CMakeFiles/blink.dir/home/tyler/ece6785/pico-sdk/src/rp2_common/pico_runtime_init/runtime_init.c.o
LOAD CMakeFiles/blink.dir/home/tyler/ece6785/pico-sdk/src/rp2_common/pico_runtime_init/runtime_init_clocks.c.o
LOAD CMakeFiles/blink.dir/home/tyler/ece6785/pico-sdk/src/rp2_common/pico_runtime_init/runtime_init_stack_guard.c.o
LOAD CMakeFiles/blink.dir/home/tyler/ece6785/pico-sdk/src/rp2_common/pico_bit_ops/bit_ops_aeabi.S.o
LOAD CMakeFiles/blink.dir/home/tyler/ece6785/pico-sdk/src/rp2_common/pico_divider/divider_hardware.S.o
LOAD CMakeFiles/blink.dir/home/tyler/ece6785/pico-sdk/src/rp2_common/pico_double/double_aeabi_rp2040.S.o
LOAD CMakeFiles/blink.dir/home/tyler/ece6785/pico-sdk/src/rp2_common/pico_double/double_init_rom_rp2040.c.o
LOAD CMakeFiles/blink.dir/home/tyler/ece6785/pico-sdk/src/rp2_common/pico_double/double_math.c.o
LOAD CMakeFiles/blink.dir/home/tyler/ece6785/pico-sdk/src/rp2_common/pico_double/double_v1_rom_shim_rp2040.S.o
LOAD CMakeFiles/blink.dir/home/tyler/ece6785/pico-sdk/src/rp2_common/pico_int64_ops/pico_int64_ops_aeabi.S.o
LOAD CMakeFiles/blink.dir/home/tyler/ece6785/pico-sdk/src/rp2_common/pico_float/float_aeabi_rp2040.S.o
LOAD CMakeFiles/blink.dir/home/tyler/ece6785/pico-sdk/src/rp2_common/pico_float/float_init_rom_rp2040.c.o
LOAD CMakeFiles/blink.dir/home/tyler/ece6785/pico-sdk/src/rp2_common/pico_float/float_math.c.o
LOAD CMakeFiles/blink.dir/home/tyler/ece6785/pico-sdk/src/rp2_common/pico_float/float_v1_rom_shim_rp2040.S.o
LOAD CMakeFiles/blink.dir/home/tyler/ece6785/pico-sdk/src/rp2_common/pico_malloc/malloc.c.o
LOAD CMakeFiles/blink.dir/home/tyler/ece6785/pico-sdk/src/rp2_common/pico_mem_ops/mem_ops_aeabi.S.o
LOAD CMakeFiles/blink.dir/home/tyler/ece6785/pico-sdk/src/rp2_common/pico_atomic/atomic.c.o
LOAD CMakeFiles/blink.dir/home/tyler/ece6785/pico-sdk/src/rp2_common/pico_cxx_options/new_delete.cpp.o
LOAD CMakeFiles/blink.dir/home/tyler/ece6785/pico-sdk/src/rp2_common/pico_standard_binary_info/standard_binary_info.c.o
LOAD CMakeFiles/blink.dir/home/tyler/ece6785/pico-sdk/src/rp2_common/pico_printf/printf.c.o
LOAD CMakeFiles/blink.dir/home/tyler/ece6785/pico-sdk/src/rp2_common/pico_crt0/crt0.S.o
LOAD CMakeFiles/blink.dir/home/tyler/ece6785/pico-sdk/src/rp2_common/pico_clib_interface/newlib_interface.c.o
LOAD CMakeFiles/blink.dir/home/tyler/ece6785/pico-sdk/src/rp2_common/pico_stdio/stdio.c.o
LOAD CMakeFiles/blink.dir/home/tyler/ece6785/pico-sdk/src/rp2_common/pico_stdio_uart/stdio_uart.c.o
LOAD CMakeFiles/blink.dir/home/tyler/ece6785/pico-sdk/src/rp2_common/pico_cyw43_arch/cyw43_arch.c.o
LOAD CMakeFiles/blink.dir/home/tyler/ece6785/pico-sdk/src/rp2_common/pico_cyw43_arch/cyw43_arch_poll.c.o
LOAD CMakeFiles/blink.dir/home/tyler/ece6785/pico-sdk/src/rp2_common/pico_cyw43_arch/cyw43_arch_threadsafe_background.c.o
LOAD CMakeFiles/blink.dir/home/tyler/ece6785/pico-sdk/src/rp2_common/pico_cyw43_arch/cyw43_arch_freertos.c.o
LOAD CMakeFiles/blink.dir/home/tyler/ece6785/pico-sdk/src/rp2_common/pico_unique_id/unique_id.c.o
LOAD CMakeFiles/blink.dir/home/tyler/ece6785/pico-sdk/src/rp2_common/hardware_flash/flash.c.o
LOAD CMakeFiles/blink.dir/home/tyler/ece6785/pico-sdk/src/rp2_common/hardware_xip_cache/xip_cache.c.o
LOAD CMakeFiles/blink.dir/home/tyler/ece6785/pico-sdk/src/rp2_common/pico_cyw43_driver/cyw43_bus_pio_spi.c.o
LOAD CMakeFiles/blink.dir/home/tyler/ece6785/pico-sdk/lib/cyw43-driver/src/cyw43_ll.c.o
LOAD CMakeFiles/blink.dir/home/tyler/ece6785/pico-sdk/lib/cyw43-driver/src/cyw43_stats.c.o
LOAD CMakeFiles/blink.dir/home/tyler/ece6785/pico-sdk/lib/cyw43-driver/src/cyw43_lwip.c.o
LOAD CMakeFiles/blink.dir/home/tyler/ece6785/pico-sdk/lib/cyw43-driver/src/cyw43_ctrl.c.o
LOAD CMakeFiles/blink.dir/home/tyler/ece6785/pico-sdk/src/rp2_common/pico_cyw43_driver/cybt_shared_bus/cybt_shared_bus.c.o
LOAD CMakeFiles/blink.dir/home/tyler/ece6785/pico-sdk/src/rp2_common/pico_cyw43_driver/cybt_shared_bus/cybt_shared_bus_driver.c.o
LOAD CMakeFiles/blink.dir/home/tyler/ece6785/pico-sdk/src/rp2_common/hardware_pio/pio.c.o
LOAD CMakeFiles/blink.dir/home/tyler/ece6785/pico-sdk/src/rp2_common/hardware_dma/dma.c.o
LOAD CMakeFiles/blink.dir/home/tyler/ece6785/pico-sdk/src/rp2_common/hardware_exception/exception.c.o
LOAD CMakeFiles/blink.dir/home/tyler/ece6785/pico-sdk/src/rp2_common/pico_cyw43_driver/cyw43_driver.c.o
LOAD CMakeFiles/blink.dir/home/tyler/ece6785/pico-sdk/src/rp2_common/pico_async_context/async_context_threadsafe_background.c.o
LOAD CMakeFiles/blink.dir/home/tyler/ece6785/pico-sdk/src/rp2_common/pico_async_context/async_context_base.c.o
LOAD ../pico-sdk/src/rp2040/boot_stage2/CMakeFiles/bs2_default_library.dir/bs2_default_padded_checksummed.S.o
LOAD /usr/lib/gcc/arm-none-eabi/13.2.1/../../../arm-none-eabi/lib/thumb/v6-m/nofp/libstdc++.a
LOAD /usr/lib/gcc/arm-none-eabi/13.2.1/../../../arm-none-eabi/lib/thumb/v6-m/nofp/libm.a
START GROUP
LOAD /usr/lib/gcc/arm-none-eabi/13.2.1/thumb/v6-m/nofp/libgcc.a
LOAD /usr/lib/gcc/arm-none-eabi/13.2.1/../../../arm-none-eabi/lib/thumb/v6-m/nofp/libg.a
LOAD /usr/lib/gcc/arm-none-eabi/13.2.1/../../../arm-none-eabi/lib/thumb/v6-m/nofp/libc.a
END GROUP
START GROUP
LOAD /usr/lib/gcc/arm-none-eabi/13.2.1/thumb/v6-m/nofp/libgcc.a
LOAD /usr/lib/gcc/arm-none-eabi/13.2.1/../../../arm-none-eabi/lib/thumb/v6-m/nofp/libc.a
LOAD /usr/lib/gcc/arm-none-eabi/13.2.1/../../../arm-none-eabi/lib/thumb/v6-m/nofp/libnosys.a
END GROUP
LOAD /usr/lib/gcc/arm-none-eabi/13.2.1/thumb/v6-m/nofp/crtend.o
LOAD /usr/lib/gcc/arm-none-eabi/13.2.1/thumb/v6-m/nofp/crtn.o
OUTPUT(blink.elf elf32-littlearm)
LOAD linker stubs

.ARM.attributes
                0x00000000       0x28
 .ARM.attributes
                0x00000000       0x1e /usr/lib/gcc/arm-none-eabi/13.2.1/thumb/v6-m/nofp/crti.o
 .ARM.attributes
                0x0000001e       0x2c /usr/lib/gcc/arm-none-eabi/13.2.1/thumb/v6-m/nofp/crtbegin.o
 .ARM.attributes
                0x0000004a       0x2c CMakeFiles/blink.dir/blink.c.o
 .ARM.attributes
                0x00000076       0x2c CMakeFiles/blink.dir/home/tyler/ece6785/pico-sdk/src/rp2_common/hardware_gpio/gpio.c.o
 .ARM.attributes
                0x000000a2       0x2c CMakeFiles/blink.dir/home/tyler/ece6785/pico-sdk/src/rp2_common/pico_platform_panic/panic.c.o
 .ARM.attributes
                0x000000ce       0x2c CMakeFiles/blink.dir/home/tyler/ece6785/pico-sdk/src/common/hardware_claim/claim.c.o
 .ARM.attributes
                0x000000fa       0x2c CMakeFiles/blink.dir/home/tyler/ece6785/pico-sdk/src/rp2_common/hardware_sync/sync.c.o
 .ARM.attributes
                0x00000126       0x2c CMakeFiles/blink.dir/home/tyler/ece6785/pico-sdk/src/rp2_common/hardware_sync_spin_lock/sync_spin_lock.c.o
 .ARM.attributes
                0x00000152       0x2c CMakeFiles/blink.dir/home/tyler/ece6785/pico-sdk/src/rp2_common/hardware_irq/irq.c.o
 .ARM.attributes
                0x0000017e       0x22 CMakeFiles/blink.dir/home/tyler/ece6785/pico-sdk/src/rp2_common/hardware_irq/irq_handler_chain.S.o
 .ARM.attributes
                0x000001a0       0x2c CMakeFiles/blink.dir/home/tyler/ece6785/pico-sdk/src/common/pico_sync/sem.c.o
 .ARM.attributes
                0x000001cc       0x2c CMakeFiles/blink.dir/home/tyler/ece6785/pico-sdk/src/common/pico_sync/lock_core.c.o
 .ARM.attributes
                0x000001f8       0x2c CMakeFiles/blink.dir/home/tyler/ece6785/pico-sdk/src/common/pico_sync/mutex.c.o
 .ARM.attributes
                0x00000224       0x2c CMakeFiles/blink.dir/home/tyler/ece6785/pico-sdk/src/common/pico_time/time.c.o
 .ARM.attributes
                0x00000250       0x2c CMakeFiles/blink.dir/home/tyler/ece6785/pico-sdk/src/rp2_common/hardware_timer/timer.c.o
 .ARM.attributes
                0x0000027c       0x2c CMakeFiles/blink.dir/home/tyler/ece6785/pico-sdk/src/rp2_common/hardware_clocks/clocks.c.o
 .ARM.attributes
                0x000002a8       0x2c CMakeFiles/blink.dir/home/tyler/ece6785/pico-sdk/src/rp2_common/hardware_pll/pll.c.o
 .ARM.attributes
                0x000002d4       0x2c CMakeFiles/blink.dir/home/tyler/ece6785/pico-sdk/src/rp2_common/hardware_ticks/ticks.c.o
 .ARM.attributes
                0x00000300       0x2c CMakeFiles/blink.dir/home/tyler/ece6785/pico-sdk/src/rp2_common/pico_bootrom/bootrom.c.o
 .ARM.attributes
                0x0000032c       0x2c CMakeFiles/blink.dir/home/tyler/ece6785/pico-sdk/src/rp2_common/hardware_xosc/xosc.c.o
 .ARM.attributes
                0x00000358       0x2c CMakeFiles/blink.dir/home/tyler/ece6785/pico-sdk/src/rp2_common/pico_runtime/runtime.c.o
 .ARM.attributes
                0x00000384       0x2c CMakeFiles/blink.dir/home/tyler/ece6785/pico-sdk/src/rp2_common/pico_runtime_init/runtime_init.c.o
 .ARM.attributes
                0x000003b0       0x2c CMakeFiles/blink.dir/home/tyler/ece6785/pico-sdk/src/rp2_common/pico_runtime_init/runtime_init_clocks.c.o
 .ARM.attributes